wandb: [wandb.login()] Loaded credentials for https://api.wandb.ai from /home/u5749464/.netrc.
wandb: Currently logged in as: praneethkotipalli (praneethkotipalli-university-of-warwick) to https://api.wandb.ai. Use `wandb login --relogin` to force relogin
wandb: WARNING Using a boolean value for 'reinit' is deprecated. Use 'return_previous' or 'finish_previous' instead.
wandb: setting up run 3fetuajw
wandb: Tracking run with wandb version 0.25.0
wandb: Run data is saved locally in /home/u5749464/dissertation/context-aware-magail-grf/src/policy/wandb/run-20260910_212711-3fetuajw
wandb: Run `wandb offline` to turn off syncing.
wandb: Syncing run MAPPO-baseline_seed2
wandb: ⭐️ View project at https://wandb.ai/praneethkotipalli-university-of-warwick/magail-c-v2
wandb: 🚀 View run at https://wandb.ai/praneethkotipalli-university-of-warwick/magail-c-v2/runs/3fetuajw
wandb: updating run metadata
wandb: uploading output.log; uploading wandb-summary.json; uploading config.yaml
wandb: uploading history steps 0-0, summary, console lines 0-0
wandb: 
wandb: Run history:
wandb: eval/csi_proxy_n_ll ▁
wandb: eval/csi_proxy_n_lw ▁
wandb:  eval/csi_sap_proxy ▁
wandb:      eval/draw_rate ▁
wandb:      eval/loss_rate ▁
wandb:     eval/mecha_mean ▁
wandb:     eval/n_episodes ▁
wandb:       eval/sap_mean ▁
wandb:        eval/sap_std ▁
wandb:       eval/win_rate ▁
wandb: 
wandb: Run summary:
wandb: eval/csi_proxy_n_ll 29041
wandb: eval/csi_proxy_n_lw 203030
wandb:  eval/csi_sap_proxy 0.01606
wandb:      eval/draw_rate 0.28
wandb:      eval/loss_rate 0.082
wandb:     eval/mecha_mean 0.12469
wandb:     eval/n_episodes 500
wandb:       eval/sap_mean 85.98647
wandb:        eval/sap_std 4.41376
wandb:       eval/win_rate 0.638
wandb: 
wandb: 🚀 View run MAPPO-baseline_seed2 at: https://wandb.ai/praneethkotipalli-university-of-warwick/magail-c-v2/runs/3fetuajw
wandb: ⭐️ View project at: https://wandb.ai/praneethkotipalli-university-of-warwick/magail-c-v2
wandb: Synced 5 W&B file(s), 0 media file(s), 0 artifact file(s) and 0 other file(s)
wandb: Find logs at: ./wandb/run-20260910_212711-3fetuajw/logs

======================================================================
MAPPO-baseline_seed2  (1 iters, use_kl=False, disc_int_condition=true (TinyInteract <- D_int_C_production.pt), alpha_marg=0.0048, alpha_int=0.0026, frozen=True)
======================================================================
MAPPO-baseline_seed2: win=0.638 SAP=85.99% MECHA=0.1247 (168.2min)
