wandb: [wandb.login()] Loaded credentials for https://api.wandb.ai from /home/u5749464/.netrc.
wandb: Currently logged in as: praneethkotipalli (praneethkotipalli-university-of-warwick) to https://api.wandb.ai. Use `wandb login --relogin` to force relogin
wandb: WARNING Using a boolean value for 'reinit' is deprecated. Use 'return_previous' or 'finish_previous' instead.
wandb: setting up run rtltu3xk
wandb: Tracking run with wandb version 0.25.0
wandb: Run data is saved locally in /home/u5749464/dissertation/context-aware-magail-grf/src/policy/wandb/run-20260907_171345-rtltu3xk
wandb: Run `wandb offline` to turn off syncing.
wandb: Syncing run lambda_sweep_1.0_seed1
wandb: ⭐️ View project at https://wandb.ai/praneethkotipalli-university-of-warwick/magail-c
wandb: 🚀 View run at https://wandb.ai/praneethkotipalli-university-of-warwick/magail-c/runs/rtltu3xk
wandb: updating run metadata
wandb: uploading history steps 524-524, summary, console lines 64-65
wandb: 
wandb: Run history:
wandb:           disc/acc ▄▄▅▅▃▄▁▅▄▃▇▄▅▃█▅▄▅▄▆▃▆▂▂▄▄▃▅▃▁▄▅▄▆▃▇▄▄▄▃
wandb:     disc/acc_agent ▄▃█▅▆▄▅▅▃▃█▅▅▃▂▅▄▆▇▇▅▅▆▁▃▇▅▅▆▃▃▃▄▇▅▇▄▃▆▆
wandb:    disc/acc_expert ▆▆▆▄▅▃▅▅▂▆▅▂▆▄▃▆▃▃▃▆▃▇▅▁▅▄▃▆▄▁▆█▇▃▆▆▆▆▆▁
wandb:     disc/bce_agent ▆█▂▄▂▆▇▄▆▇▆▅▂▄▃▅▁▃▅▃▄▂▅▂▆▃▁▁▅▃▆▆▇██▂▃▄▅▂
wandb:    disc/bce_expert ▄▅▄▅▃▇▃▅▄▅▂▅▂▆▄▆█▅▅▃▅▃▆▆▂▃▆▂▅▄▄▁▄▅▄▃▃▃▃▆
wandb:           disc/ess ▇▇▅▅▅▇▇▁▅▅▅▅▅▅▇█▅▃▇▇▇▇▇▇▇▇▇▇▅▅▅▇▇▇▇▇▇▇▇▇
wandb:      disc/gp_value ▆█▆▅▅▄▇▄▄▃▅▄▆▁▄▂▃█▆▄▃▃▄▃▅▁▄▃▄▃▅▄▃▅▃▄▃▄▃▄
wandb:          disc/loss ▆█▄▅▃▅█▆▆▄▆▂▅▂▆▄▆▆▄▅▅▄▇▅▁▂▅▃▄▄▆▅▅▄▃▃▃▄▄▄
wandb:          disc/step ▁▁▁▁▂▂▂▂▂▂▃▃▃▃▃▃▄▄▄▄▄▅▅▅▅▆▆▆▆▆▆▇▇▇▇▇▇███
wandb: disc/swap_hinge_ll ▂▄▅▁▁▂▂▆▃▃▂▂▄▇▄▂▁▂▂▆▃▃▇▂▁▃▇▁▁▃▂▂▅▄▁█▄▃▂▆
wandb:                +28 ...
wandb: 
wandb: Run summary:
wandb:           disc/acc 0.94531
wandb:     disc/acc_agent 0.96094
wandb:    disc/acc_expert 0.92969
wandb:     disc/bce_agent 0.42903
wandb:    disc/bce_expert 0.46577
wandb:           disc/ess 106.90872
wandb:      disc/gp_value 0.12797
wandb:          disc/loss 1.02398
wandb:          disc/step 52
wandb: disc/swap_hinge_ll 0.0002
wandb:                +29 ...
wandb: 
wandb: 🚀 View run lambda_sweep_1.0_seed1 at: https://wandb.ai/praneethkotipalli-university-of-warwick/magail-c/runs/rtltu3xk
wandb: ⭐️ View project at: https://wandb.ai/praneethkotipalli-university-of-warwick/magail-c
wandb: Synced 5 W&B file(s), 0 media file(s), 0 artifact file(s) and 0 other file(s)
wandb: Find logs at: ./wandb/run-20260907_171345-rtltu3xk/logs

======================================================================
lambda_sweep_1.0_seed1  (525 iters, use_kl=True, shuffle_context=False, use_context=True, frozen=False)
======================================================================
[lambda_sweep_1.0_seed1 it10/525] 30.6s  score=(2, 0)  r_style=-0.000  ETA 252.5min
[lambda_sweep_1.0_seed1 it20/525] 28.8s  score=(1, 1)  r_style=0.000  ETA 243.6min
[lambda_sweep_1.0_seed1 it30/525] 29.7s  score=(2, 0)  r_style=-0.000  ETA 238.3min
[lambda_sweep_1.0_seed1 it40/525] 30.2s  score=(1, 0)  r_style=-0.000  ETA 237.2min
[lambda_sweep_1.0_seed1 it50/525] 27.9s  score=(1, 0)  r_style=0.000  ETA 229.7min
[lambda_sweep_1.0_seed1 it60/525] 27.9s  score=(3, 0)  r_style=0.000  ETA 221.0min
[lambda_sweep_1.0_seed1 it70/525] 25.7s  score=(0, 2)  r_style=0.000  ETA 211.5min

[lambda_sweep_1.0_seed1 it75] EVAL (1164s): win=0.760 SAP=85.51% MECHA=0.1264 CSI=0.05159232565520244 health=saturating lam=1.0000
[lambda_sweep_1.0_seed1 it80/525] 27.0s  score=(1, 1)  r_style=-0.000  ETA 204.5min
[lambda_sweep_1.0_seed1 it90/525] 27.9s  score=(3, 1)  r_style=-0.000  ETA 200.7min
[lambda_sweep_1.0_seed1 it100/525] 30.5s  score=(2, 0)  r_style=-0.000  ETA 199.1min
[lambda_sweep_1.0_seed1 it110/525] 30.0s  score=(0, 0)  r_style=-0.000  ETA 195.8min
[lambda_sweep_1.0_seed1 it120/525] 28.4s  score=(1, 2)  r_style=0.000  ETA 192.0min
[lambda_sweep_1.0_seed1 it130/525] 25.2s  score=(2, 1)  r_style=0.000  ETA 188.4min
[lambda_sweep_1.0_seed1 it140/525] 30.3s  score=(0, 2)  r_style=0.000  ETA 182.4min

[lambda_sweep_1.0_seed1 it150] EVAL (1182s): win=0.660 SAP=86.75% MECHA=0.1178 CSI=-0.004399787258974941 health=saturating lam=1.0000
[lambda_sweep_1.0_seed1 it150/525] 28.5s  score=(2, 1)  r_style=0.000  ETA 177.4min
[lambda_sweep_1.0_seed1 it160/525] 25.8s  score=(1, 0)  r_style=-0.000  ETA 162.3min
[lambda_sweep_1.0_seed1 it170/525] 27.1s  score=(2, 0)  r_style=-0.000  ETA 151.8min
[lambda_sweep_1.0_seed1 it180/525] 27.1s  score=(1, 1)  r_style=-0.000  ETA 151.4min
[lambda_sweep_1.0_seed1 it190/525] 22.7s  score=(2, 0)  r_style=-0.000  ETA 146.6min
[lambda_sweep_1.0_seed1 it200/525] 30.9s  score=(1, 0)  r_style=0.000  ETA 140.0min
[lambda_sweep_1.0_seed1 it210/525] 25.5s  score=(4, 1)  r_style=0.000  ETA 130.9min
[lambda_sweep_1.0_seed1 it220/525] 23.4s  score=(3, 0)  r_style=0.000  ETA 123.8min

[lambda_sweep_1.0_seed1 it225] EVAL (1060s): win=0.680 SAP=87.10% MECHA=0.1250 CSI=0.032473764194945076 health=saturating lam=1.0000
[lambda_sweep_1.0_seed1 it230/525] 26.3s  score=(2, 0)  r_style=-0.000  ETA 120.2min
[lambda_sweep_1.0_seed1 it240/525] 25.9s  score=(1, 0)  r_style=-0.000  ETA 118.8min
[lambda_sweep_1.0_seed1 it250/525] 25.2s  score=(1, 1)  r_style=0.000  ETA 117.8min
[lambda_sweep_1.0_seed1 it260/525] 22.9s  score=(0, 0)  r_style=-0.000  ETA 112.3min
[lambda_sweep_1.0_seed1 it270/525] 23.3s  score=(1, 0)  r_style=-0.000  ETA 106.5min
[lambda_sweep_1.0_seed1 it280/525] 20.6s  score=(2, 1)  r_style=-0.000  ETA 101.8min
[lambda_sweep_1.0_seed1 it290/525] 24.7s  score=(1, 2)  r_style=-0.000  ETA 96.9min

[lambda_sweep_1.0_seed1 it300] EVAL (1024s): win=0.580 SAP=86.57% MECHA=0.1180 CSI=0.005389894030099485 health=saturating lam=1.0000
[lambda_sweep_1.0_seed1 it300/525] 25.5s  score=(1, 0)  r_style=0.000  ETA 88.5min
[lambda_sweep_1.0_seed1 it310/525] 22.4s  score=(3, 1)  r_style=-0.000  ETA 84.6min
[lambda_sweep_1.0_seed1 it320/525] 24.4s  score=(4, 1)  r_style=0.000  ETA 82.1min
[lambda_sweep_1.0_seed1 it330/525] 21.1s  score=(1, 1)  r_style=0.000  ETA 77.0min
[lambda_sweep_1.0_seed1 it340/525] 26.9s  score=(0, 0)  r_style=-0.000  ETA 75.6min
[lambda_sweep_1.0_seed1 it350/525] 25.4s  score=(0, 0)  r_style=-0.000  ETA 69.9min
[lambda_sweep_1.0_seed1 it360/525] 22.1s  score=(2, 1)  r_style=-0.000  ETA 63.9min
[lambda_sweep_1.0_seed1 it370/525] 26.3s  score=(2, 0)  r_style=-0.000  ETA 62.0min

[lambda_sweep_1.0_seed1 it375] EVAL (983s): win=0.640 SAP=85.23% MECHA=0.1275 CSI=0.054170263146505415 health=saturating lam=1.0000
[lambda_sweep_1.0_seed1 it380/525] 24.3s  score=(4, 1)  r_style=-0.000  ETA 58.7min
[lambda_sweep_1.0_seed1 it390/525] 27.6s  score=(4, 0)  r_style=-0.000  ETA 53.8min
[lambda_sweep_1.0_seed1 it400/525] 24.8s  score=(1, 1)  r_style=-0.000  ETA 51.4min
[lambda_sweep_1.0_seed1 it410/525] 24.2s  score=(1, 1)  r_style=-0.000  ETA 47.9min
[lambda_sweep_1.0_seed1 it420/525] 24.2s  score=(1, 2)  r_style=0.000  ETA 41.7min
[lambda_sweep_1.0_seed1 it430/525] 24.2s  score=(2, 0)  r_style=0.000  ETA 37.8min
[lambda_sweep_1.0_seed1 it440/525] 20.2s  score=(1, 1)  r_style=-0.000  ETA 33.5min

[lambda_sweep_1.0_seed1 it450] EVAL (974s): win=0.680 SAP=86.77% MECHA=0.1243 CSI=0.047415023057465144 health=saturating lam=1.0000
[lambda_sweep_1.0_seed1 it450/525] 28.1s  score=(4, 0)  r_style=0.000  ETA 29.3min
[lambda_sweep_1.0_seed1 it460/525] 22.0s  score=(2, 2)  r_style=0.000  ETA 25.6min
[lambda_sweep_1.0_seed1 it470/525] 24.0s  score=(1, 0)  r_style=0.000  ETA 20.9min
[lambda_sweep_1.0_seed1 it480/525] 21.6s  score=(2, 0)  r_style=-0.000  ETA 16.4min
[lambda_sweep_1.0_seed1 it490/525] 21.2s  score=(1, 0)  r_style=-0.000  ETA 12.8min
[lambda_sweep_1.0_seed1 it500/525] 23.0s  score=(1, 1)  r_style=-0.000  ETA 9.3min
[lambda_sweep_1.0_seed1 it510/525] 20.3s  score=(1, 0)  r_style=0.000  ETA 5.6min
[lambda_sweep_1.0_seed1 it520/525] 25.0s  score=(1, 1)  r_style=0.000  ETA 1.9min

[lambda_sweep_1.0_seed1 it525] EVAL (961s): win=0.580 SAP=85.45% MECHA=0.1223 CSI=-0.017675443994628393 health=saturating lam=1.0000
lambda_sweep_1.0_seed1 done in 344.4min, 525 iters, halted=False -> ablation_lambda_sweep_1.0_seed1.pt
