wandb: [wandb.login()] Loaded credentials for https://api.wandb.ai from /home/u5749464/.netrc.
wandb: Currently logged in as: praneethkotipalli (praneethkotipalli-university-of-warwick) to https://api.wandb.ai. Use `wandb login --relogin` to force relogin
wandb: WARNING Using a boolean value for 'reinit' is deprecated. Use 'return_previous' or 'finish_previous' instead.
wandb: setting up run s0ygd7xi
wandb: Tracking run with wandb version 0.25.0
wandb: Run data is saved locally in /home/u5749464/dissertation/context-aware-magail-grf/src/policy/wandb/run-20260907_171345-s0ygd7xi
wandb: Run `wandb offline` to turn off syncing.
wandb: Syncing run lambda_sweep_0.001_seed1
wandb: ⭐️ View project at https://wandb.ai/praneethkotipalli-university-of-warwick/magail-c
wandb: 🚀 View run at https://wandb.ai/praneethkotipalli-university-of-warwick/magail-c/runs/s0ygd7xi
wandb: updating run metadata
wandb: uploading output.log; uploading wandb-summary.json; uploading config.yaml
wandb: 
wandb: Run history:
wandb:           disc/acc ▇██▇▇▆▆▇▄▅▆▆▅▄▄▅▃▄▄▄▄▃▄▅▂▃▃▂▃▃▄▂▁▁▁▂▃▂▂▁
wandb:     disc/acc_agent ▆███▇▆▆▇▄▅▆▆▅▄▄▅▃▃▅▄▃▃▄▄▂▂▃▂▃▃▄▂▁▁▂▂▂▂▃▁
wandb:    disc/acc_expert ▇██▆▇▆▆▇▅█▆▇▄▇▆█▆▇▄▅▅▄▄▇▄▇▆▁▅▄▅▃▃▂▁▄▆▃▁▂
wandb:     disc/bce_agent ▂▁▁▁▂▃▄▃▅▅▄▄▄▆▅▄▆▆▅▆▆▆▅▅▇▇▆▆▆▆▅▇▇▇█▇▇▇▅▇
wandb:    disc/bce_expert ▂▂▂▂▁▂▂▃▂▂▂▃▄▂▃▂▃▃▅▄▆▅▅▄▆▅▇▇▅▇▆█▇▇██▅▇██
wandb:           disc/ess ▅▅▅▅▁▁▅█▅▅▅▅▅▅▅▅▅▅▅▅▅▅▅▁▅▁▅▅▅▅▅▅▅▅▅▅▅▅▅▅
wandb:      disc/gp_value ▆█▆▅▅▇▄▇▅▃▃▄▅▄▆▂▃▃▃▇▆▄▄▅▄▃▅▅▁▄▄▄▃▂▃▅▃▃▄▄
wandb:          disc/loss ▂▂▁▁▁▃▃▃▄▄▂▃▄▅▄▃▅▄▄▆▆▆▅▅▇▆▆▇▅▇▅▇▇▇██▆▇▆▇
wandb:          disc/step ▁▁▁▁▂▂▂▂▂▃▃▃▃▃▃▄▄▄▄▄▅▅▅▅▅▅▆▆▆▆▆▆▇▇▇▇▇███
wandb: disc/swap_hinge_ll ▁▂▂▁▁▁▁▁▂▂▁▁▂▁▂▃▂▁▄▂▁▁▂█▃▃▅▂▁▃▁▁▃▁▄▂▁▁▂▁
wandb:                +28 ...
wandb: 
wandb: Run summary:
wandb:           disc/acc 0.77734
wandb:     disc/acc_agent 0.67188
wandb:    disc/acc_expert 0.88281
wandb:     disc/bce_agent 0.58283
wandb:    disc/bce_expert 0.524
wandb:           disc/ess 106.90872
wandb:      disc/gp_value 0.12491
wandb:          disc/loss 1.23272
wandb:          disc/step 45
wandb: disc/swap_hinge_ll 0
wandb:                +29 ...
wandb: 
wandb: 🚀 View run lambda_sweep_0.001_seed1 at: https://wandb.ai/praneethkotipalli-university-of-warwick/magail-c/runs/s0ygd7xi
wandb: ⭐️ View project at: https://wandb.ai/praneethkotipalli-university-of-warwick/magail-c
wandb: Synced 5 W&B file(s), 0 media file(s), 0 artifact file(s) and 0 other file(s)
wandb: Find logs at: ./wandb/run-20260907_171345-s0ygd7xi/logs

======================================================================
lambda_sweep_0.001_seed1  (525 iters, use_kl=True, shuffle_context=False, use_context=True, frozen=False)
======================================================================
[lambda_sweep_0.001_seed1 it10/525] 28.8s  score=(3, 0)  r_style=-0.000  ETA 246.8min
[lambda_sweep_0.001_seed1 it20/525] 28.6s  score=(2, 1)  r_style=-0.000  ETA 240.1min
[lambda_sweep_0.001_seed1 it30/525] 25.2s  score=(2, 0)  r_style=-0.000  ETA 227.7min
[lambda_sweep_0.001_seed1 it40/525] 26.0s  score=(0, 0)  r_style=0.000  ETA 221.8min
[lambda_sweep_0.001_seed1 it50/525] 27.0s  score=(0, 0)  r_style=0.000  ETA 219.7min
[lambda_sweep_0.001_seed1 it60/525] 25.6s  score=(0, 2)  r_style=0.000  ETA 208.5min
[lambda_sweep_0.001_seed1 it70/525] 27.1s  score=(1, 2)  r_style=-0.000  ETA 201.0min

[lambda_sweep_0.001_seed1 it75] EVAL (1167s): win=0.680 SAP=80.18% MECHA=0.1186 CSI=0.020077717132938266 health=saturating lam=0.0010
[lambda_sweep_0.001_seed1 it80/525] 26.7s  score=(1, 1)  r_style=0.000  ETA 197.5min
[lambda_sweep_0.001_seed1 it90/525] 27.2s  score=(1, 1)  r_style=-0.000  ETA 195.2min
[lambda_sweep_0.001_seed1 it100/525] 29.6s  score=(2, 1)  r_style=0.000  ETA 195.5min
[lambda_sweep_0.001_seed1 it110/525] 25.9s  score=(1, 1)  r_style=-0.000  ETA 191.3min
[lambda_sweep_0.001_seed1 it120/525] 27.5s  score=(2, 0)  r_style=-0.000  ETA 185.0min
[lambda_sweep_0.001_seed1 it130/525] 27.9s  score=(0, 0)  r_style=-0.000  ETA 181.2min
[lambda_sweep_0.001_seed1 it140/525] 28.1s  score=(0, 0)  r_style=-0.000  ETA 176.2min

[lambda_sweep_0.001_seed1 it150] EVAL (1191s): win=0.800 SAP=65.66% MECHA=0.1201 CSI=-0.05918850597763847 health=saturating lam=0.0010
[lambda_sweep_0.001_seed1 it150/525] 26.9s  score=(0, 0)  r_style=-0.000  ETA 170.5min
[lambda_sweep_0.001_seed1 it160/525] 24.5s  score=(4, 0)  r_style=-0.000  ETA 164.0min
[lambda_sweep_0.001_seed1 it170/525] 19.8s  score=(0, 2)  r_style=0.000  ETA 149.1min
[lambda_sweep_0.001_seed1 it180/525] 27.3s  score=(1, 1)  r_style=0.000  ETA 142.0min
[lambda_sweep_0.001_seed1 it190/525] 23.7s  score=(0, 1)  r_style=0.000  ETA 140.3min
[lambda_sweep_0.001_seed1 it200/525] 25.5s  score=(0, 0)  r_style=0.000  ETA 129.7min
[lambda_sweep_0.001_seed1 it210/525] 22.9s  score=(2, 1)  r_style=-0.000  ETA 123.4min
[lambda_sweep_0.001_seed1 it220/525] 24.8s  score=(1, 1)  r_style=-0.000  ETA 122.1min

[lambda_sweep_0.001_seed1 it225] EVAL (1081s): win=0.580 SAP=44.77% MECHA=0.1183 CSI=-0.0645656633090878 health=saturating lam=0.0010
[lambda_sweep_0.001_seed1 it230/525] 24.6s  score=(1, 1)  r_style=0.000  ETA 115.9min
[lambda_sweep_0.001_seed1 it240/525] 25.1s  score=(2, 2)  r_style=0.000  ETA 110.3min
[lambda_sweep_0.001_seed1 it250/525] 29.0s  score=(2, 2)  r_style=-0.000  ETA 110.4min
[lambda_sweep_0.001_seed1 it260/525] 21.4s  score=(1, 0)  r_style=0.000  ETA 107.7min
[lambda_sweep_0.001_seed1 it270/525] 23.9s  score=(0, 1)  r_style=-0.000  ETA 106.2min
[lambda_sweep_0.001_seed1 it280/525] 24.7s  score=(1, 0)  r_style=-0.000  ETA 99.7min
[lambda_sweep_0.001_seed1 it290/525] 26.2s  score=(1, 0)  r_style=0.000  ETA 91.2min

[lambda_sweep_0.001_seed1 it300] EVAL (1007s): win=0.540 SAP=34.90% MECHA=0.1228 CSI=-0.09825762136104554 health=healthy lam=0.0010
[lambda_sweep_0.001_seed1 it300/525] 27.8s  score=(0, 0)  r_style=-0.000  ETA 87.3min
[lambda_sweep_0.001_seed1 it310/525] 24.9s  score=(0, 2)  r_style=0.000  ETA 83.7min
[lambda_sweep_0.001_seed1 it320/525] 22.0s  score=(1, 1)  r_style=0.000  ETA 82.7min
[lambda_sweep_0.001_seed1 it330/525] 22.9s  score=(0, 2)  r_style=0.000  ETA 77.0min
[lambda_sweep_0.001_seed1 it340/525] 20.8s  score=(3, 1)  r_style=-0.000  ETA 71.6min
[lambda_sweep_0.001_seed1 it350/525] 26.1s  score=(2, 0)  r_style=-0.000  ETA 70.1min
[lambda_sweep_0.001_seed1 it360/525] 22.3s  score=(1, 0)  r_style=-0.000  ETA 65.5min
[lambda_sweep_0.001_seed1 it370/525] 25.3s  score=(2, 0)  r_style=0.000  ETA 58.7min

[lambda_sweep_0.001_seed1 it375] EVAL (1010s): win=0.500 SAP=29.46% MECHA=0.1326 CSI=-0.0355349901614857 health=healthy lam=0.0010
[lambda_sweep_0.001_seed1 it380/525] 25.3s  score=(2, 1)  r_style=-0.000  ETA 53.8min
[lambda_sweep_0.001_seed1 it390/525] 21.2s  score=(1, 3)  r_style=0.000  ETA 49.3min
[lambda_sweep_0.001_seed1 it400/525] 23.8s  score=(1, 0)  r_style=0.000  ETA 45.6min
[lambda_sweep_0.001_seed1 it410/525] 22.9s  score=(2, 3)  r_style=-0.000  ETA 42.9min
[lambda_sweep_0.001_seed1 it420/525] 20.7s  score=(0, 1)  r_style=0.000  ETA 39.9min
[lambda_sweep_0.001_seed1 it430/525] 20.8s  score=(1, 2)  r_style=-0.000  ETA 36.0min
[lambda_sweep_0.001_seed1 it440/525] 21.6s  score=(0, 1)  r_style=-0.000  ETA 31.5min

[lambda_sweep_0.001_seed1 it450] EVAL (1003s): win=0.460 SAP=27.27% MECHA=0.1411 CSI=-0.041392013937814415 health=healthy lam=0.0010
  KILL-SWITCH (win rate): win rate 0.460 is 26.3% below baseline 0.624 (>25% kill-switch)
[lambda_sweep_0.001_seed1 it450/525] 23.5s  score=(2, 1)  r_style=0.000  ETA 27.4min
lambda_sweep_0.001_seed1 done in 293.8min, 450 iters, halted=True -> ablation_lambda_sweep_0.001_seed1.pt
