wandb: [wandb.login()] Loaded credentials for https://api.wandb.ai from /home/u5749464/.netrc.
wandb: Currently logged in as: praneethkotipalli (praneethkotipalli-university-of-warwick) to https://api.wandb.ai. Use `wandb login --relogin` to force relogin
wandb: WARNING Using a boolean value for 'reinit' is deprecated. Use 'return_previous' or 'finish_previous' instead.
wandb: setting up run kx1iacpn
wandb: Tracking run with wandb version 0.25.0
wandb: Run data is saved locally in /home/u5749464/dissertation/context-aware-magail-grf/src/policy/wandb/run-20260907_171344-kx1iacpn
wandb: Run `wandb offline` to turn off syncing.
wandb: Syncing run lambda_sweep_0.1_seed1
wandb: ⭐️ View project at https://wandb.ai/praneethkotipalli-university-of-warwick/magail-c
wandb: 🚀 View run at https://wandb.ai/praneethkotipalli-university-of-warwick/magail-c/runs/kx1iacpn
wandb: updating run metadata
wandb: uploading history steps 524-524, summary, console lines 65-66
wandb: uploading output.log
wandb: uploading data
wandb: 
wandb: Run history:
wandb:           disc/acc ▆▇█▄▆▁▄▆▃▅▆▃▆▅▇█▅▅▅▅▅▅▃▇▄▄▃▂█▃▆▅▃▅▆▂▆▆▂▃
wandb:     disc/acc_agent ▆▇█▅▆▂▄▆▅▅▅▆▆▇▄▅▆▆▄▅▂█▆▅▅▅█▅▅▆▄▃▇▆▅▆▆▁▅▄
wandb:    disc/acc_expert ▅▆▆▄▅▅▅▂▆▄▃▆▄▆▄█▁▅▃▃▆▃▃▆▅▅▂▂▁▆▅█▅▂▆▅▅▅█▁
wandb:     disc/bce_agent ▆▂▁▄▄▅▅▃▅▅▅▄▂▄▃▆▄▅▃▇▄▆▃▆▅▄▄▂▄▃▅▆▄▄▄▄▅█▆▅
wandb:    disc/bce_expert ▄▅▅▄▂▃▆▃▄▄▆▂▅▂▅▆▅█▅▆▅▆▃▇▇▇▅▂▆▅▂▅▆▄▅▃▄▁▇▇
wandb:           disc/ess ▇█████████▇▇██▁███████████▅▅██████████▃█
wandb:      disc/gp_value ▆█▆▄▄▃▇▂▄▂▃▅▄▆▁▄▃▆▄▄▂▃▂▅▅▄▃▆▃▂▃▂▄▃▃▂▄▂▆▄
wandb:          disc/loss ▃▅▄▅▅▂▆▅▄▃▄▃▄▁▅▆▅█▅▅▆▆█▄▆▅▂▆▄▅▄▆▅▅▅▄▅▆█▇
wandb:          disc/step ▁▁▁▁▂▂▂▂▂▂▃▃▃▃▃▄▄▄▄▄▅▅▅▅▅▆▆▆▆▆▆▆▇▇▇▇▇███
wandb: disc/swap_hinge_ll ▂▄▅▁▁▁▂▇▃▄▁▂▄█▅▁▁▁▂▇▂▂▆▂▁▃▆▁▃▁▂▁▂▅▃▇▃▃▁▇
wandb:                +28 ...
wandb: 
wandb: Run summary:
wandb:           disc/acc 0.92188
wandb:     disc/acc_agent 0.91406
wandb:    disc/acc_expert 0.92969
wandb:     disc/bce_agent 0.46444
wandb:    disc/bce_expert 0.47167
wandb:           disc/ess 106.90872
wandb:      disc/gp_value 0.13193
wandb:          disc/loss 1.06927
wandb:          disc/step 52
wandb: disc/swap_hinge_ll 0.00021
wandb:                +29 ...
wandb: 
wandb: 🚀 View run lambda_sweep_0.1_seed1 at: https://wandb.ai/praneethkotipalli-university-of-warwick/magail-c/runs/kx1iacpn
wandb: ⭐️ View project at: https://wandb.ai/praneethkotipalli-university-of-warwick/magail-c
wandb: Synced 5 W&B file(s), 0 media file(s), 0 artifact file(s) and 0 other file(s)
wandb: Find logs at: ./wandb/run-20260907_171344-kx1iacpn/logs

======================================================================
lambda_sweep_0.1_seed1  (525 iters, use_kl=True, shuffle_context=False, use_context=True, frozen=False)
======================================================================
[lambda_sweep_0.1_seed1 it10/525] 26.2s  score=(0, 0)  r_style=-0.000  ETA 244.2min
[lambda_sweep_0.1_seed1 it20/525] 30.0s  score=(1, 0)  r_style=0.000  ETA 239.7min
[lambda_sweep_0.1_seed1 it30/525] 27.0s  score=(1, 1)  r_style=-0.000  ETA 232.9min
[lambda_sweep_0.1_seed1 it40/525] 30.2s  score=(1, 1)  r_style=-0.000  ETA 226.4min
[lambda_sweep_0.1_seed1 it50/525] 28.5s  score=(1, 1)  r_style=0.000  ETA 219.0min
[lambda_sweep_0.1_seed1 it60/525] 27.2s  score=(1, 1)  r_style=0.000  ETA 209.4min
[lambda_sweep_0.1_seed1 it70/525] 26.8s  score=(1, 0)  r_style=0.000  ETA 203.1min

[lambda_sweep_0.1_seed1 it75] EVAL (1149s): win=0.560 SAP=85.16% MECHA=0.1244 CSI=-0.03663867072312055 health=saturating lam=0.1000
[lambda_sweep_0.1_seed1 it80/525] 26.2s  score=(0, 2)  r_style=0.000  ETA 198.5min
[lambda_sweep_0.1_seed1 it90/525] 27.4s  score=(0, 0)  r_style=0.000  ETA 195.5min
[lambda_sweep_0.1_seed1 it100/525] 27.4s  score=(1, 0)  r_style=-0.000  ETA 194.9min
[lambda_sweep_0.1_seed1 it110/525] 29.0s  score=(2, 1)  r_style=-0.000  ETA 190.9min
[lambda_sweep_0.1_seed1 it120/525] 27.0s  score=(1, 1)  r_style=-0.000  ETA 184.7min
[lambda_sweep_0.1_seed1 it130/525] 27.9s  score=(1, 0)  r_style=-0.000  ETA 179.3min
[lambda_sweep_0.1_seed1 it140/525] 28.3s  score=(0, 0)  r_style=0.000  ETA 175.9min

[lambda_sweep_0.1_seed1 it150] EVAL (1193s): win=0.760 SAP=84.02% MECHA=0.1251 CSI=0.09846293729268318 health=saturating lam=0.1000
[lambda_sweep_0.1_seed1 it150/525] 28.3s  score=(0, 0)  r_style=0.000  ETA 170.9min
[lambda_sweep_0.1_seed1 it160/525] 28.8s  score=(2, 1)  r_style=0.000  ETA 156.7min
[lambda_sweep_0.1_seed1 it170/525] 21.7s  score=(1, 1)  r_style=-0.000  ETA 145.6min
[lambda_sweep_0.1_seed1 it180/525] 20.9s  score=(1, 1)  r_style=0.000  ETA 144.0min
[lambda_sweep_0.1_seed1 it190/525] 26.3s  score=(1, 1)  r_style=-0.000  ETA 141.1min
[lambda_sweep_0.1_seed1 it200/525] 23.8s  score=(1, 0)  r_style=0.000  ETA 133.7min
[lambda_sweep_0.1_seed1 it210/525] 24.2s  score=(0, 0)  r_style=0.000  ETA 128.1min
[lambda_sweep_0.1_seed1 it220/525] 23.9s  score=(0, 0)  r_style=-0.000  ETA 122.5min

[lambda_sweep_0.1_seed1 it225] EVAL (1052s): win=0.680 SAP=83.96% MECHA=0.1241 CSI=0.14215328299938856 health=saturating lam=0.1000
[lambda_sweep_0.1_seed1 it230/525] 25.0s  score=(0, 0)  r_style=-0.000  ETA 114.2min
[lambda_sweep_0.1_seed1 it240/525] 28.1s  score=(1, 1)  r_style=-0.000  ETA 109.6min
[lambda_sweep_0.1_seed1 it250/525] 25.7s  score=(0, 1)  r_style=-0.000  ETA 112.3min
[lambda_sweep_0.1_seed1 it260/525] 21.6s  score=(2, 1)  r_style=-0.000  ETA 110.6min
[lambda_sweep_0.1_seed1 it270/525] 21.5s  score=(2, 2)  r_style=0.000  ETA 104.3min
[lambda_sweep_0.1_seed1 it280/525] 20.1s  score=(1, 0)  r_style=-0.000  ETA 98.6min
[lambda_sweep_0.1_seed1 it290/525] 21.5s  score=(0, 0)  r_style=-0.000  ETA 90.8min

[lambda_sweep_0.1_seed1 it300] EVAL (1051s): win=0.740 SAP=84.41% MECHA=0.1264 CSI=0.12128442397610195 health=saturating lam=0.1000
[lambda_sweep_0.1_seed1 it300/525] 22.1s  score=(0, 1)  r_style=-0.000  ETA 83.7min
[lambda_sweep_0.1_seed1 it310/525] 29.8s  score=(1, 3)  r_style=-0.000  ETA 84.5min
[lambda_sweep_0.1_seed1 it320/525] 22.0s  score=(0, 0)  r_style=0.000  ETA 83.6min
[lambda_sweep_0.1_seed1 it330/525] 19.8s  score=(0, 0)  r_style=-0.000  ETA 77.7min
[lambda_sweep_0.1_seed1 it340/525] 26.7s  score=(2, 1)  r_style=-0.000  ETA 73.6min
[lambda_sweep_0.1_seed1 it350/525] 26.2s  score=(1, 0)  r_style=-0.000  ETA 72.2min
[lambda_sweep_0.1_seed1 it360/525] 20.0s  score=(1, 0)  r_style=0.000  ETA 68.2min
[lambda_sweep_0.1_seed1 it370/525] 28.0s  score=(0, 1)  r_style=0.000  ETA 62.3min

[lambda_sweep_0.1_seed1 it375] EVAL (1068s): win=0.660 SAP=84.94% MECHA=0.1257 CSI=0.0273067146636492 health=saturating lam=0.1000
[lambda_sweep_0.1_seed1 it380/525] 20.2s  score=(1, 0)  r_style=-0.000  ETA 57.6min
[lambda_sweep_0.1_seed1 it390/525] 23.1s  score=(1, 0)  r_style=0.000  ETA 52.2min
[lambda_sweep_0.1_seed1 it400/525] 23.1s  score=(1, 1)  r_style=-0.000  ETA 47.6min
[lambda_sweep_0.1_seed1 it410/525] 26.0s  score=(0, 0)  r_style=-0.000  ETA 44.5min
[lambda_sweep_0.1_seed1 it420/525] 22.2s  score=(0, 0)  r_style=-0.000  ETA 42.2min
[lambda_sweep_0.1_seed1 it430/525] 19.9s  score=(0, 1)  r_style=-0.000  ETA 37.4min
[lambda_sweep_0.1_seed1 it440/525] 23.3s  score=(1, 2)  r_style=0.000  ETA 33.2min
  [scheduler] annealing lambda 0.10000 -> 0.01000

[lambda_sweep_0.1_seed1 it450] EVAL (1043s): win=0.620 SAP=83.10% MECHA=0.1256 CSI=0.08113783006495123 health=saturating lam=0.0100
[lambda_sweep_0.1_seed1 it450/525] 20.2s  score=(0, 1)  r_style=-0.000  ETA 28.8min
[lambda_sweep_0.1_seed1 it460/525] 22.5s  score=(2, 0)  r_style=0.000  ETA 23.3min
[lambda_sweep_0.1_seed1 it470/525] 21.2s  score=(2, 0)  r_style=-0.000  ETA 19.6min
[lambda_sweep_0.1_seed1 it480/525] 22.3s  score=(0, 0)  r_style=-0.000  ETA 16.4min
[lambda_sweep_0.1_seed1 it490/525] 19.5s  score=(1, 1)  r_style=0.000  ETA 12.7min
[lambda_sweep_0.1_seed1 it500/525] 21.2s  score=(2, 0)  r_style=0.000  ETA 9.2min
[lambda_sweep_0.1_seed1 it510/525] 23.2s  score=(1, 0)  r_style=-0.000  ETA 5.6min
[lambda_sweep_0.1_seed1 it520/525] 20.1s  score=(1, 0)  r_style=-0.000  ETA 1.9min

[lambda_sweep_0.1_seed1 it525] EVAL (976s): win=0.600 SAP=77.38% MECHA=0.1308 CSI=0.030851624616235918 health=saturating lam=0.0100
lambda_sweep_0.1_seed1 done in 341.3min, 525 iters, halted=False -> ablation_lambda_sweep_0.1_seed1.pt
