wandb: [wandb.login()] Loaded credentials for https://api.wandb.ai from /home/u5749464/.netrc.
wandb: Currently logged in as: praneethkotipalli (praneethkotipalli-university-of-warwick) to https://api.wandb.ai. Use `wandb login --relogin` to force relogin
wandb: WARNING Using a boolean value for 'reinit' is deprecated. Use 'return_previous' or 'finish_previous' instead.
wandb: setting up run 3so7hfcl
wandb: Tracking run with wandb version 0.25.0
wandb: Run data is saved locally in /home/u5749464/dissertation/context-aware-magail-grf/src/policy/wandb/run-20260907_171344-3so7hfcl
wandb: Run `wandb offline` to turn off syncing.
wandb: Syncing run MAGAIL-C_seed3
wandb: ⭐️ View project at https://wandb.ai/praneethkotipalli-university-of-warwick/magail-c
wandb: 🚀 View run at https://wandb.ai/praneethkotipalli-university-of-warwick/magail-c/runs/3so7hfcl
wandb: updating run metadata
wandb: uploading output.log; uploading wandb-summary.json; uploading config.yaml
wandb: uploading wandb-summary.json
wandb: 
wandb: Run history:
wandb:           disc/acc ▇█▆█▇█▆▄▅▅▃▁▆▅▃
wandb:     disc/acc_agent ██▇▇██▅▄▅▅▄▁▅▅▃
wandb:    disc/acc_expert ▂▄▃█▄▅▇▃▆▄▁▂▄▂▄
wandb:     disc/bce_agent ▁▂▃▂▁▂▃▅▃▄▄█▄▂▆
wandb:    disc/bce_expert ▆▄▅▁▇▅▃▆▅▄▅▇▅█▆
wandb:           disc/ess ▅██▁███████████
wandb:      disc/gp_value ▃▇▂▄▄▄▅█▄▄▄▁▆▅▆
wandb:          disc/loss ▂▂▃▁▂▂▃▆▃▄▄█▅▃▇
wandb:          disc/step ▁▁▂▃▃▃▄▅▅▅▆▇▇▇█
wandb: disc/swap_hinge_ll ▂▅█▂▁▁▂▂▁▅▄▂▃▅▁
wandb:                +28 ...
wandb: 
wandb: Run summary:
wandb:           disc/acc 0.89453
wandb:     disc/acc_agent 0.83594
wandb:    disc/acc_expert 0.95312
wandb:     disc/bce_agent 0.52483
wandb:    disc/bce_expert 0.46596
wandb:           disc/ess 106.90872
wandb:      disc/gp_value 0.13085
wandb:          disc/loss 1.12259
wandb:          disc/step 15
wandb: disc/swap_hinge_ll 0
wandb:                +29 ...
wandb: 
wandb: 🚀 View run MAGAIL-C_seed3 at: https://wandb.ai/praneethkotipalli-university-of-warwick/magail-c/runs/3so7hfcl
wandb: ⭐️ View project at: https://wandb.ai/praneethkotipalli-university-of-warwick/magail-c
wandb: Synced 5 W&B file(s), 0 media file(s), 0 artifact file(s) and 0 other file(s)
wandb: Find logs at: ./wandb/run-20260907_171344-3so7hfcl/logs

======================================================================
MAGAIL-C_seed3  (525 iters, use_kl=False, shuffle_context=False, use_context=True, frozen=False)
======================================================================
[MAGAIL-C_seed3 it10/525] 28.1s  score=(1, 0)  r_style=-0.000  ETA 248.6min
[MAGAIL-C_seed3 it20/525] 29.7s  score=(3, 0)  r_style=0.000  ETA 247.2min
[MAGAIL-C_seed3 it30/525] 30.6s  score=(2, 0)  r_style=-0.000  ETA 246.7min
[MAGAIL-C_seed3 it40/525] 28.1s  score=(0, 0)  r_style=-0.000  ETA 240.5min
[MAGAIL-C_seed3 it50/525] 28.6s  score=(1, 0)  r_style=-0.000  ETA 227.5min
[MAGAIL-C_seed3 it60/525] 26.2s  score=(1, 1)  r_style=0.000  ETA 218.1min
[MAGAIL-C_seed3 it70/525] 26.2s  score=(1, 2)  r_style=-0.000  ETA 211.9min

[MAGAIL-C_seed3 it75] EVAL (1149s): win=0.620 SAP=77.42% MECHA=0.1394 CSI=-0.028401399524343285 health=saturating lam=1.0000
[MAGAIL-C_seed3 it80/525] 27.4s  score=(0, 1)  r_style=-0.000  ETA 204.8min
[MAGAIL-C_seed3 it90/525] 27.1s  score=(1, 0)  r_style=-0.000  ETA 201.5min
[MAGAIL-C_seed3 it100/525] 29.3s  score=(0, 0)  r_style=-0.000  ETA 201.5min
[MAGAIL-C_seed3 it110/525] 28.3s  score=(2, 1)  r_style=0.000  ETA 196.7min
[MAGAIL-C_seed3 it120/525] 28.0s  score=(2, 1)  r_style=-0.000  ETA 190.3min
[MAGAIL-C_seed3 it130/525] 29.1s  score=(1, 0)  r_style=0.000  ETA 187.9min
[MAGAIL-C_seed3 it140/525] 28.7s  score=(0, 0)  r_style=0.000  ETA 182.2min

[MAGAIL-C_seed3 it150] EVAL (1178s): win=0.440 SAP=63.09% MECHA=0.1437 CSI=-0.03952502650643652 health=saturating lam=1.0000
  KILL-SWITCH (win rate): win rate 0.440 is 29.5% below baseline 0.624 (>25% kill-switch)
[MAGAIL-C_seed3 it150/525] 26.1s  score=(0, 1)  r_style=-0.000  ETA 175.9min
MAGAIL-C_seed3 done in 110.1min, 150 iters, halted=True -> ablation_MAGAIL-C_seed3.pt
