wandb: [wandb.login()] Loaded credentials for https://api.wandb.ai from /home/u5749464/.netrc.
wandb: Currently logged in as: praneethkotipalli (praneethkotipalli-university-of-warwick) to https://api.wandb.ai. Use `wandb login --relogin` to force relogin
wandb: WARNING Using a boolean value for 'reinit' is deprecated. Use 'return_previous' or 'finish_previous' instead.
wandb: setting up run 2a8hkiqz
wandb: Tracking run with wandb version 0.25.0
wandb: Run data is saved locally in /home/u5749464/dissertation/context-aware-magail-grf/src/policy/wandb/run-20260907_171344-2a8hkiqz
wandb: Run `wandb offline` to turn off syncing.
wandb: Syncing run MAGAIL-NC_seed1
wandb: ⭐️ View project at https://wandb.ai/praneethkotipalli-university-of-warwick/magail-c
wandb: 🚀 View run at https://wandb.ai/praneethkotipalli-university-of-warwick/magail-c/runs/2a8hkiqz
wandb: updating run metadata
wandb: uploading output.log; uploading wandb-summary.json; uploading config.yaml
wandb: uploading output.log; uploading wandb-summary.json
wandb: 
wandb: Run history:
wandb:           disc/acc ▇██▇▇▆▆▅▅▆▆▅▅▅▅▆▅▄▄▃▄▃▄▄▂▃▃▁▃▃▃▂▂▂▁▁▂▂▁▃
wandb:     disc/acc_agent ▇██▇▇▇▆▅▅▆▆▅▅▅▅▆▅▃▄▃▄▃▅▃▂▂▂▁▃▃▃▃▂▂▂▁▁▂▂▃
wandb:    disc/acc_expert ███▇█▆▆▆▅█▇▆▅▆▆█▆▇▅▅▅▅▄█▄▆▄▃▅▄▅▂▄▃▁▃▆▃▁▂
wandb:     disc/bce_agent ▂▂▁▂▃▃▃▄▄▃▄▅▄▄▄▄▅▆▅▇▅▇▆▆▇▇▇▇▇▆▆▆▇▇█▇█▇▇▅
wandb:    disc/bce_expert ▁▂▂▂▁▂▂▃▂▃▂▃▄▂▃▂▃▃▄▄▆▄▅▄▆▄▆▆▅▇▆▇▇▇██▆▇██
wandb:           disc/ess ██████████▁▁████▁███████████████████████
wandb:      disc/gp_value ▆█▇▅▅▇▄▇▅▄▃▅▅▄▆▃▃▃▃▇▆▄▄▅▄▃▅▅▁▄▄▄▃▂▂▅▃▃▄▃
wandb:          disc/loss ▂▂▁▂▂▃▃▄▄▃▃▄▄▃▄▃▄▅▅▆▆▆▆▆▇▇▇█▆▇▆▇█▇███▇▇▆
wandb:          disc/step ▁▁▁▁▂▂▂▂▂▃▃▃▃▃▃▄▄▄▄▄▅▅▅▅▅▅▆▆▆▆▆▆▇▇▇▇▇███
wandb: disc/swap_hinge_ll ▁▁▂▁▁▁▁▁▂▂▁▂▂▁▂▄▂▁▄▂▁▂▂█▃▃▆▂▁▄▂▁▄▁▄▂▂▁▂▂
wandb:                +28 ...
wandb: 
wandb: Run summary:
wandb:           disc/acc 0.78516
wandb:     disc/acc_agent 0.70312
wandb:    disc/acc_expert 0.86719
wandb:     disc/bce_agent 0.58782
wandb:    disc/bce_expert 0.55584
wandb:           disc/ess 106.90872
wandb:      disc/gp_value 0.12135
wandb:          disc/loss 1.26616
wandb:          disc/step 45
wandb: disc/swap_hinge_ll 8e-05
wandb:                +29 ...
wandb: 
wandb: 🚀 View run MAGAIL-NC_seed1 at: https://wandb.ai/praneethkotipalli-university-of-warwick/magail-c/runs/2a8hkiqz
wandb: ⭐️ View project at: https://wandb.ai/praneethkotipalli-university-of-warwick/magail-c
wandb: Synced 5 W&B file(s), 0 media file(s), 0 artifact file(s) and 0 other file(s)
wandb: Find logs at: ./wandb/run-20260907_171344-2a8hkiqz/logs

======================================================================
MAGAIL-NC_seed1  (525 iters, use_kl=False, shuffle_context=False, use_context=False, frozen=False)
======================================================================
[MAGAIL-NC_seed1 it10/525] 26.9s  score=(1, 1)  r_style=0.000  ETA 236.7min
[MAGAIL-NC_seed1 it20/525] 27.4s  score=(1, 0)  r_style=0.000  ETA 230.3min
[MAGAIL-NC_seed1 it30/525] 29.7s  score=(1, 2)  r_style=-0.000  ETA 229.6min
[MAGAIL-NC_seed1 it40/525] 28.8s  score=(1, 0)  r_style=0.000  ETA 230.3min
[MAGAIL-NC_seed1 it50/525] 26.8s  score=(2, 0)  r_style=0.000  ETA 220.8min
[MAGAIL-NC_seed1 it60/525] 27.2s  score=(2, 0)  r_style=0.000  ETA 205.5min
[MAGAIL-NC_seed1 it70/525] 25.3s  score=(0, 1)  r_style=-0.000  ETA 194.2min

[MAGAIL-NC_seed1 it75] EVAL (1161s): win=0.700 SAP=72.72% MECHA=0.1274 CSI=0.14082374411444365 health=saturating lam=1.0000
[MAGAIL-NC_seed1 it80/525] 28.1s  score=(0, 2)  r_style=0.000  ETA 192.4min
[MAGAIL-NC_seed1 it90/525] 26.3s  score=(0, 1)  r_style=-0.000  ETA 194.1min
[MAGAIL-NC_seed1 it100/525] 26.3s  score=(1, 1)  r_style=-0.000  ETA 189.6min
[MAGAIL-NC_seed1 it110/525] 27.8s  score=(1, 1)  r_style=0.000  ETA 183.6min
[MAGAIL-NC_seed1 it120/525] 29.0s  score=(0, 0)  r_style=-0.000  ETA 184.1min
[MAGAIL-NC_seed1 it130/525] 23.7s  score=(1, 0)  r_style=0.000  ETA 180.9min
[MAGAIL-NC_seed1 it140/525] 28.2s  score=(1, 2)  r_style=0.000  ETA 172.3min

[MAGAIL-NC_seed1 it150] EVAL (1195s): win=0.640 SAP=66.62% MECHA=0.1168 CSI=-0.08616199890191478 health=saturating lam=1.0000
[MAGAIL-NC_seed1 it150/525] 27.1s  score=(1, 0)  r_style=-0.000  ETA 166.8min
[MAGAIL-NC_seed1 it160/525] 23.7s  score=(0, 1)  r_style=0.000  ETA 157.0min
[MAGAIL-NC_seed1 it170/525] 24.9s  score=(0, 0)  r_style=0.000  ETA 144.5min
[MAGAIL-NC_seed1 it180/525] 21.0s  score=(2, 1)  r_style=-0.000  ETA 140.4min
[MAGAIL-NC_seed1 it190/525] 22.7s  score=(0, 3)  r_style=0.000  ETA 138.0min
[MAGAIL-NC_seed1 it200/525] 23.7s  score=(6, 4)  r_style=-0.000  ETA 129.9min
[MAGAIL-NC_seed1 it210/525] 23.8s  score=(0, 0)  r_style=0.000  ETA 124.2min
[MAGAIL-NC_seed1 it220/525] 20.3s  score=(0, 0)  r_style=0.000  ETA 123.5min

[MAGAIL-NC_seed1 it225] EVAL (1062s): win=0.580 SAP=43.00% MECHA=0.1196 CSI=-0.05997634820256359 health=healthy lam=1.0000
[MAGAIL-NC_seed1 it230/525] 19.9s  score=(2, 0)  r_style=-0.000  ETA 116.7min
[MAGAIL-NC_seed1 it240/525] 23.1s  score=(1, 4)  r_style=-0.000  ETA 112.4min
[MAGAIL-NC_seed1 it250/525] 23.5s  score=(1, 1)  r_style=0.000  ETA 111.4min
[MAGAIL-NC_seed1 it260/525] 26.6s  score=(1, 2)  r_style=0.000  ETA 108.4min
[MAGAIL-NC_seed1 it270/525] 30.3s  score=(1, 1)  r_style=-0.000  ETA 106.6min
[MAGAIL-NC_seed1 it280/525] 27.4s  score=(3, 1)  r_style=-0.000  ETA 99.6min
[MAGAIL-NC_seed1 it290/525] 21.5s  score=(2, 3)  r_style=0.000  ETA 90.3min

[MAGAIL-NC_seed1 it300] EVAL (1060s): win=0.500 SAP=22.60% MECHA=0.1225 CSI=-0.007242680185702538 health=healthy lam=1.0000
[MAGAIL-NC_seed1 it300/525] 19.5s  score=(1, 0)  r_style=0.000  ETA 86.0min
[MAGAIL-NC_seed1 it310/525] 23.3s  score=(0, 2)  r_style=0.000  ETA 84.2min
[MAGAIL-NC_seed1 it320/525] 25.5s  score=(0, 2)  r_style=-0.000  ETA 80.1min
[MAGAIL-NC_seed1 it330/525] 20.4s  score=(2, 1)  r_style=-0.000  ETA 76.0min
[MAGAIL-NC_seed1 it340/525] 21.6s  score=(1, 2)  r_style=0.000  ETA 71.9min
[MAGAIL-NC_seed1 it350/525] 25.4s  score=(2, 1)  r_style=0.000  ETA 68.4min
[MAGAIL-NC_seed1 it360/525] 20.3s  score=(0, 2)  r_style=0.000  ETA 65.1min
[MAGAIL-NC_seed1 it370/525] 25.4s  score=(0, 4)  r_style=-0.000  ETA 61.6min

[MAGAIL-NC_seed1 it375] EVAL (1098s): win=0.500 SAP=15.20% MECHA=0.1183 CSI=-0.010335050785222788 health=healthy lam=1.0000
[MAGAIL-NC_seed1 it380/525] 24.3s  score=(1, 2)  r_style=-0.000  ETA 57.3min
[MAGAIL-NC_seed1 it390/525] 19.6s  score=(0, 0)  r_style=0.000  ETA 52.1min
[MAGAIL-NC_seed1 it400/525] 20.7s  score=(2, 3)  r_style=0.000  ETA 47.2min
[MAGAIL-NC_seed1 it410/525] 19.9s  score=(1, 3)  r_style=-0.000  ETA 43.4min
[MAGAIL-NC_seed1 it420/525] 19.8s  score=(1, 0)  r_style=-0.000  ETA 39.4min
[MAGAIL-NC_seed1 it430/525] 23.7s  score=(2, 2)  r_style=-0.000  ETA 34.3min
[MAGAIL-NC_seed1 it440/525] 19.3s  score=(1, 0)  r_style=0.000  ETA 31.1min

[MAGAIL-NC_seed1 it450] EVAL (1053s): win=0.280 SAP=13.42% MECHA=0.1182 CSI=-0.0025848237476160663 health=healthy lam=1.0000
  KILL-SWITCH (win rate): win rate 0.280 is 55.1% below baseline 0.624 (>25% kill-switch)
[MAGAIL-NC_seed1 it450/525] 25.5s  score=(0, 1)  r_style=-0.000  ETA 28.1min
MAGAIL-NC_seed1 done in 295.7min, 450 iters, halted=True -> ablation_MAGAIL-NC_seed1.pt
