wandb: [wandb.login()] Loaded credentials for https://api.wandb.ai from /home/u5749464/.netrc.
wandb: Currently logged in as: praneethkotipalli (praneethkotipalli-university-of-warwick) to https://api.wandb.ai. Use `wandb login --relogin` to force relogin
wandb: WARNING Using a boolean value for 'reinit' is deprecated. Use 'return_previous' or 'finish_previous' instead.
wandb: setting up run 2sqhkqop
wandb: Tracking run with wandb version 0.25.0
wandb: Run data is saved locally in /home/u5749464/dissertation/context-aware-magail-grf/src/policy/wandb/run-20260907_171344-2sqhkqop
wandb: Run `wandb offline` to turn off syncing.
wandb: Syncing run MAGAIL-C+KL_seed4
wandb: ⭐️ View project at https://wandb.ai/praneethkotipalli-university-of-warwick/magail-c
wandb: 🚀 View run at https://wandb.ai/praneethkotipalli-university-of-warwick/magail-c/runs/2sqhkqop
wandb: updating run metadata
wandb: uploading output.log; uploading wandb-summary.json; uploading config.yaml
wandb: 
wandb: Run history:
wandb:           disc/acc ▅▅▅▇▅▅▆▆▆▅▆▃▆▅▄▄▃▄▅▆▆▆█▆▅▄▅▇▇▆▇▁▇▇▄▅▆█▅▆
wandb:     disc/acc_agent ▅▄▅▇▄▆▆▇▆▅▇▅▄▅▂▅▆▅▇▆▆█▇▆▇▅▆██▆▆▁▆▆▄▆▆▇▅▆
wandb:    disc/acc_expert ▅▄▃▂▄▆▄▆▆▇▇▄▄▁▆▄▃▄▇▂▂▆▇▃▃▇▃▁▅▇█▂█▇▄▂▄█▄▅
wandb:     disc/bce_agent ▄▂▁▁▃▅▄▂▅▄▅▃▅▄▃█▅▄▃▃▄▃▁▁▂▃▄▃▁▄▃▇▅▆▅▃▁▁▃▂
wandb:    disc/bce_expert ▆▄▆▅█▇▃▃▆▃▅▆▅▆▂▇▅▄█▅▄▄▇▇▅█▇▅▇▂▃▇▁▆▄▆▄▄▄▅
wandb:           disc/ess ▁▅▅▅▅▅▅▅▅▁▅▅▅▅▅▅▁▅▅█▅▁▅▅▅▅▁▅▅▅▅▅▅▅▅▅▅▅▁▅
wandb:      disc/gp_value ▃▄▄▆▅▄▅▁▄▄▃▄▅▄▃▁█▄▄▆▄▄▃▃▅▄▅▅▃▃▄▅▇▂▅▇▃▃▂▆
wandb:          disc/loss ▄▄▂▂▄▅▃▃▁▅▄▃▅▄▅▅▄█▅▄▄▆▅▃▁▃▃▆▅▃▅▃█▃▆▄▂▁▂▄
wandb:          disc/step ▁▁▁▂▂▂▂▂▂▃▃▃▃▃▃▄▄▄▄▄▅▅▅▅▅▅▆▆▆▆▆▆▇▇▇▇▇███
wandb: disc/swap_hinge_ll ▂▅▆▁▁▁▂▅▁▄▃▂▂▃▇▁▁▁▁▂▄▄▃█▂▄▃▇▁▃▂▂▃▆▄▇▃▃▁▆
wandb:                +28 ...
wandb: 
wandb: Run summary:
wandb:           disc/acc 0.95312
wandb:     disc/acc_agent 0.94531
wandb:    disc/acc_expert 0.96094
wandb:     disc/bce_agent 0.43904
wandb:    disc/bce_expert 0.45656
wandb:           disc/ess 106.90872
wandb:      disc/gp_value 0.13903
wandb:          disc/loss 1.0355
wandb:          disc/step 52
wandb: disc/swap_hinge_ll 0.00014
wandb:                +29 ...
wandb: 
wandb: 🚀 View run MAGAIL-C+KL_seed4 at: https://wandb.ai/praneethkotipalli-university-of-warwick/magail-c/runs/2sqhkqop
wandb: ⭐️ View project at: https://wandb.ai/praneethkotipalli-university-of-warwick/magail-c
wandb: Synced 5 W&B file(s), 0 media file(s), 0 artifact file(s) and 0 other file(s)
wandb: Find logs at: ./wandb/run-20260907_171344-2sqhkqop/logs

======================================================================
MAGAIL-C+KL_seed4  (525 iters, use_kl=True, shuffle_context=False, use_context=True, frozen=False)
======================================================================
[MAGAIL-C+KL_seed4 it10/525] 30.0s  score=(1, 0)  r_style=-0.000  ETA 240.9min
[MAGAIL-C+KL_seed4 it20/525] 28.7s  score=(1, 0)  r_style=0.000  ETA 235.2min
[MAGAIL-C+KL_seed4 it30/525] 28.6s  score=(1, 0)  r_style=0.000  ETA 230.9min
[MAGAIL-C+KL_seed4 it40/525] 27.0s  score=(1, 0)  r_style=0.000  ETA 227.4min
[MAGAIL-C+KL_seed4 it50/525] 27.1s  score=(1, 2)  r_style=0.000  ETA 220.4min
[MAGAIL-C+KL_seed4 it60/525] 27.6s  score=(1, 0)  r_style=0.000  ETA 211.2min
[MAGAIL-C+KL_seed4 it70/525] 27.0s  score=(0, 0)  r_style=-0.000  ETA 205.5min

[MAGAIL-C+KL_seed4 it75] EVAL (1161s): win=0.700 SAP=85.79% MECHA=0.1258 CSI=0.011727671329682221 health=saturating lam=1.0000
[MAGAIL-C+KL_seed4 it80/525] 26.5s  score=(0, 0)  r_style=0.000  ETA 199.4min
[MAGAIL-C+KL_seed4 it90/525] 27.2s  score=(2, 1)  r_style=-0.000  ETA 195.7min
[MAGAIL-C+KL_seed4 it100/525] 28.4s  score=(0, 0)  r_style=0.000  ETA 194.7min
[MAGAIL-C+KL_seed4 it110/525] 28.3s  score=(2, 0)  r_style=0.000  ETA 192.1min
[MAGAIL-C+KL_seed4 it120/525] 26.5s  score=(1, 0)  r_style=0.000  ETA 186.0min
[MAGAIL-C+KL_seed4 it130/525] 27.7s  score=(1, 2)  r_style=0.000  ETA 177.9min
[MAGAIL-C+KL_seed4 it140/525] 27.6s  score=(1, 1)  r_style=-0.000  ETA 174.2min

[MAGAIL-C+KL_seed4 it150] EVAL (1190s): win=0.740 SAP=85.86% MECHA=0.1228 CSI=0.0764617874185336 health=saturating lam=1.0000
[MAGAIL-C+KL_seed4 it150/525] 28.5s  score=(1, 0)  r_style=0.000  ETA 170.0min
[MAGAIL-C+KL_seed4 it160/525] 23.6s  score=(1, 0)  r_style=0.000  ETA 158.0min
[MAGAIL-C+KL_seed4 it170/525] 23.0s  score=(1, 2)  r_style=0.000  ETA 147.2min
[MAGAIL-C+KL_seed4 it180/525] 20.4s  score=(1, 0)  r_style=0.000  ETA 141.6min
[MAGAIL-C+KL_seed4 it190/525] 22.2s  score=(0, 2)  r_style=-0.000  ETA 132.9min
[MAGAIL-C+KL_seed4 it200/525] 25.4s  score=(0, 0)  r_style=0.000  ETA 130.0min
[MAGAIL-C+KL_seed4 it210/525] 27.2s  score=(1, 0)  r_style=-0.000  ETA 130.5min
[MAGAIL-C+KL_seed4 it220/525] 23.3s  score=(1, 0)  r_style=-0.000  ETA 128.2min

[MAGAIL-C+KL_seed4 it225] EVAL (1062s): win=0.620 SAP=86.76% MECHA=0.1211 CSI=-0.010976283824385313 health=saturating lam=1.0000
[MAGAIL-C+KL_seed4 it230/525] 25.9s  score=(0, 0)  r_style=0.000  ETA 123.9min
[MAGAIL-C+KL_seed4 it240/525] 23.3s  score=(3, 0)  r_style=-0.000  ETA 116.0min
[MAGAIL-C+KL_seed4 it250/525] 24.5s  score=(1, 0)  r_style=0.000  ETA 111.4min
[MAGAIL-C+KL_seed4 it260/525] 22.4s  score=(0, 0)  r_style=-0.000  ETA 104.0min
[MAGAIL-C+KL_seed4 it270/525] 22.9s  score=(2, 1)  r_style=0.000  ETA 100.7min
[MAGAIL-C+KL_seed4 it280/525] 26.6s  score=(1, 1)  r_style=0.000  ETA 98.7min
[MAGAIL-C+KL_seed4 it290/525] 21.4s  score=(1, 0)  r_style=0.000  ETA 89.1min

[MAGAIL-C+KL_seed4 it300] EVAL (1057s): win=0.620 SAP=86.22% MECHA=0.1281 CSI=0.005695073839849574 health=saturating lam=1.0000
[MAGAIL-C+KL_seed4 it300/525] 25.0s  score=(2, 1)  r_style=-0.000  ETA 83.7min
[MAGAIL-C+KL_seed4 it310/525] 22.5s  score=(1, 1)  r_style=-0.000  ETA 82.3min
[MAGAIL-C+KL_seed4 it320/525] 20.6s  score=(1, 1)  r_style=-0.000  ETA 80.6min
[MAGAIL-C+KL_seed4 it330/525] 26.3s  score=(0, 0)  r_style=0.000  ETA 77.4min
[MAGAIL-C+KL_seed4 it340/525] 25.9s  score=(2, 0)  r_style=-0.000  ETA 74.6min
[MAGAIL-C+KL_seed4 it350/525] 19.4s  score=(1, 0)  r_style=0.000  ETA 69.9min
[MAGAIL-C+KL_seed4 it360/525] 29.3s  score=(3, 1)  r_style=0.000  ETA 65.7min
[MAGAIL-C+KL_seed4 it370/525] 21.5s  score=(2, 0)  r_style=0.000  ETA 62.5min

[MAGAIL-C+KL_seed4 it375] EVAL (1019s): win=0.500 SAP=87.32% MECHA=0.1186 CSI=-0.020598554284978476 health=saturating lam=1.0000
[MAGAIL-C+KL_seed4 it380/525] 24.5s  score=(2, 1)  r_style=-0.000  ETA 56.7min
[MAGAIL-C+KL_seed4 it390/525] 22.5s  score=(2, 1)  r_style=-0.000  ETA 51.2min
[MAGAIL-C+KL_seed4 it400/525] 21.7s  score=(1, 2)  r_style=0.000  ETA 48.0min
[MAGAIL-C+KL_seed4 it410/525] 25.1s  score=(1, 2)  r_style=0.000  ETA 45.8min
[MAGAIL-C+KL_seed4 it420/525] 23.7s  score=(1, 1)  r_style=0.000  ETA 42.4min
[MAGAIL-C+KL_seed4 it430/525] 23.0s  score=(1, 1)  r_style=-0.000  ETA 37.9min
[MAGAIL-C+KL_seed4 it440/525] 19.7s  score=(1, 1)  r_style=-0.000  ETA 32.5min

[MAGAIL-C+KL_seed4 it450] EVAL (1041s): win=0.720 SAP=85.75% MECHA=0.1238 CSI=-0.019953400348422412 health=saturating lam=1.0000
[MAGAIL-C+KL_seed4 it450/525] 20.6s  score=(1, 0)  r_style=0.000  ETA 27.7min
[MAGAIL-C+KL_seed4 it460/525] 25.8s  score=(1, 0)  r_style=0.000  ETA 24.0min
[MAGAIL-C+KL_seed4 it470/525] 20.8s  score=(1, 0)  r_style=0.000  ETA 20.2min
[MAGAIL-C+KL_seed4 it480/525] 25.9s  score=(0, 0)  r_style=0.000  ETA 16.1min
[MAGAIL-C+KL_seed4 it490/525] 23.1s  score=(1, 1)  r_style=0.000  ETA 12.6min
[MAGAIL-C+KL_seed4 it500/525] 22.3s  score=(2, 2)  r_style=0.000  ETA 9.1min
[MAGAIL-C+KL_seed4 it510/525] 20.2s  score=(2, 0)  r_style=-0.000  ETA 5.4min
[MAGAIL-C+KL_seed4 it520/525] 21.0s  score=(2, 0)  r_style=0.000  ETA 1.8min

[MAGAIL-C+KL_seed4 it525] EVAL (1002s): win=0.700 SAP=86.05% MECHA=0.1248 CSI=0.037615106623348105 health=saturating lam=1.0000
MAGAIL-C+KL_seed4 done in 340.3min, 525 iters, halted=False -> ablation_MAGAIL-C+KL_seed4.pt
