wandb: [wandb.login()] Loaded credentials for https://api.wandb.ai from /home/u5749464/.netrc.
wandb: Currently logged in as: praneethkotipalli (praneethkotipalli-university-of-warwick) to https://api.wandb.ai. Use `wandb login --relogin` to force relogin
wandb: WARNING Using a boolean value for 'reinit' is deprecated. Use 'return_previous' or 'finish_previous' instead.
wandb: setting up run ndlpomae
wandb: Tracking run with wandb version 0.25.0
wandb: Run data is saved locally in /home/u5749464/dissertation/context-aware-magail-grf/src/policy/wandb/run-20260910_183524-ndlpomae
wandb: Run `wandb offline` to turn off syncing.
wandb: Syncing run MAPPO-baseline_seed2
wandb: ⭐️ View project at https://wandb.ai/praneethkotipalli-university-of-warwick/magail-c-v2
wandb: 🚀 View run at https://wandb.ai/praneethkotipalli-university-of-warwick/magail-c-v2/runs/ndlpomae

======================================================================
MAPPO-baseline_seed2  (0 iters, use_kl=False, disc_int_condition=true (TinyInteract <- D_int_C_production.pt), alpha_marg=0.0048, alpha_int=0.0026, frozen=True)
======================================================================
Traceback (most recent call last):
  File "/home/u5749464/dissertation/context-aware-magail-grf/src/policy/finetune_loop.py", line 501, in <module>
    run(condition=args.condition, seed=args.seed, max_iterations=args.max_iterations,
  File "/home/u5749464/dissertation/context-aware-magail-grf/src/policy/finetune_loop.py", line 274, in run
    ev = evaluate_policy(actor, encoder, build_env,
  File "/home/u5749464/dissertation/context-aware-magail-grf/src/policy/evaluate_policy.py", line 52, in evaluate_policy
    obs_192.append(encoder.encode_each(state))
  File "/home/u5749464/dissertation/GRF_MARL/light_malib/model/gr_football/enhanced_LightActionMask_5/enhanced_LightActionMask_5.py", line 139, in encode_each
    left_closest_idx = np.argmin(left_team_distance)
KeyboardInterrupt
[1;34mwandb[0m: 
[1;34mwandb[0m: 🚀 View run [33mMAPPO-baseline_seed2[0m at: [34mhttps://wandb.ai/praneethkotipalli-university-of-warwick/magail-c-v2/runs/ndlpomae[0m
[1;34mwandb[0m: Find logs at: [1;35mwandb/run-20260910_183524-ndlpomae/logs[0m
