wandb: [wandb.login()] Loaded credentials for https://api.wandb.ai from /home/u5749464/.netrc.
wandb: Currently logged in as: praneethkotipalli (praneethkotipalli-university-of-warwick) to https://api.wandb.ai. Use `wandb login --relogin` to force relogin
wandb: WARNING Using a boolean value for 'reinit' is deprecated. Use 'return_previous' or 'finish_previous' instead.
wandb: setting up run rukzx1td
wandb: Tracking run with wandb version 0.25.0
wandb: Run data is saved locally in /home/u5749464/dissertation/context-aware-magail-grf/src/policy/wandb/run-20260910_183524-rukzx1td
wandb: Run `wandb offline` to turn off syncing.
wandb: Syncing run MAPPO-baseline_seed5
wandb: ⭐️ View project at https://wandb.ai/praneethkotipalli-university-of-warwick/magail-c-v2
wandb: 🚀 View run at https://wandb.ai/praneethkotipalli-university-of-warwick/magail-c-v2/runs/rukzx1td

======================================================================
MAPPO-baseline_seed5  (0 iters, use_kl=False, disc_int_condition=true (TinyInteract <- D_int_C_production.pt), alpha_marg=0.0048, alpha_int=0.0026, frozen=True)
======================================================================
Traceback (most recent call last):
  File "/home/u5749464/dissertation/context-aware-magail-grf/src/policy/finetune_loop.py", line 501, in <module>
    run(condition=args.condition, seed=args.seed, max_iterations=args.max_iterations,
  File "/home/u5749464/dissertation/context-aware-magail-grf/src/policy/finetune_loop.py", line 274, in run
    ev = evaluate_policy(actor, encoder, build_env,
  File "/home/u5749464/dissertation/context-aware-magail-grf/src/policy/evaluate_policy.py", line 60, in evaluate_policy
    actions, _, _, _ = actor(obs_192_t, ctx_t, mask_t, explore=False)
  File "/home/u5749464/miniconda3/envs/dissertation-grf/lib/python3.9/site-packages/torch/nn/modules/module.py", line 1190, in _call_impl
    return forward_call(*input, **kwargs)
  File "/home/u5749464/dissertation/context-aware-magail-grf/src/policy/context_conditioned_policy.py", line 48, in forward
    feat = self.base(obs)                        # untouched original pathway
  File "/home/u5749464/miniconda3/envs/dissertation-grf/lib/python3.9/site-packages/torch/nn/modules/module.py", line 1190, in _call_impl
    return forward_call(*input, **kwargs)
  File "/home/u5749464/dissertation/GRF_MARL/light_malib/algorithm/common/model.py", line 102, in forward
    obs = self._feature_norm(obs)
  File "/home/u5749464/miniconda3/envs/dissertation-grf/lib/python3.9/site-packages/torch/nn/modules/module.py", line 1190, in _call_impl
    return forward_call(*input, **kwargs)
  File "/home/u5749464/dissertation/GRF_MARL/light_malib/model/gr_football/enhanced_LightActionMask_5/partial_layer_norm.py", line 17, in forward
    y = torch.concat([y1, y2], dim=-1)
KeyboardInterrupt
[1;34mwandb[0m: 
[1;34mwandb[0m: 🚀 View run [33mMAPPO-baseline_seed5[0m at: [34mhttps://wandb.ai/praneethkotipalli-university-of-warwick/magail-c-v2/runs/rukzx1td[0m
[1;34mwandb[0m: Find logs at: [1;35mwandb/run-20260910_183524-rukzx1td/logs[0m
