wandb: [wandb.login()] Loaded credentials for https://api.wandb.ai from /home/u5749464/.netrc.
wandb: Currently logged in as: praneethkotipalli (praneethkotipalli-university-of-warwick) to https://api.wandb.ai. Use `wandb login --relogin` to force relogin
wandb: WARNING Using a boolean value for 'reinit' is deprecated. Use 'return_previous' or 'finish_previous' instead.
wandb: setting up run x9v3ngwj
wandb: Tracking run with wandb version 0.25.0
wandb: Run data is saved locally in /home/u5749464/dissertation/context-aware-magail-grf/src/policy/wandb/run-20260910_205335-x9v3ngwj
wandb: Run `wandb offline` to turn off syncing.
wandb: Syncing run lsweep-lam0-lsweep_09108f2e_seed1
wandb: ⭐️ View project at https://wandb.ai/praneethkotipalli-university-of-warwick/magail-c-v2
wandb: 🚀 View run at https://wandb.ai/praneethkotipalli-university-of-warwick/magail-c-v2/runs/x9v3ngwj
wandb: updating run metadata
wandb: uploading output.log; uploading wandb-summary.json; uploading config.yaml
wandb: 
wandb: Run history:
wandb:           disc/acc ▇▇▇▆▆▇▅▃▅▅█▁▁▁▅
wandb:     disc/acc_agent ▆▆▆▆▆█▆▃▅▇▇▂▁▂▄
wandb:    disc/acc_expert ▇██▄▆▃▂▅▅▁█▄▅▂▇
wandb:     disc/bce_agent ▂▁▂▁▅▂▂▄▂▂▂▇█▅▆
wandb:    disc/bce_expert ▄▅▄▄▁▆▃█▃▅▅▄▅█▂
wandb:           disc/ess ████▁▁██▁██████
wandb:      disc/gp_value ▆█▆▄▃▆▃▇▂▃▁▁▃▅▃
wandb:          disc/loss ▂▃▃▁▄▄▁▇▁▃▂▅█▇▅
wandb:          disc/step ▁▁▂▃▃▃▄▅▅▅▆▇▇▇█
wandb: disc/swap_hinge_ll ▁▅█▂▄▂▃▁▁▅▃▃▄▅█
wandb:                +31 ...
wandb: 
wandb: Run summary:
wandb:           disc/acc 0.94922
wandb:     disc/acc_agent 0.92969
wandb:    disc/acc_expert 0.96875
wandb:     disc/bce_agent 0.48566
wandb:    disc/bce_expert 0.44603
wandb:           disc/ess 106.90872
wandb:      disc/gp_value 0.12961
wandb:          disc/loss 1.06366
wandb:          disc/step 15
wandb: disc/swap_hinge_ll 0.00016
wandb:                +32 ...
wandb: 
wandb: 🚀 View run lsweep-lam0-lsweep_09108f2e_seed1 at: https://wandb.ai/praneethkotipalli-university-of-warwick/magail-c-v2/runs/x9v3ngwj
wandb: ⭐️ View project at: https://wandb.ai/praneethkotipalli-university-of-warwick/magail-c-v2
wandb: Synced 5 W&B file(s), 0 media file(s), 0 artifact file(s) and 0 other file(s)
wandb: Find logs at: ./wandb/run-20260910_205335-x9v3ngwj/logs

======================================================================
lsweep-lam0-lsweep_09108f2e_seed1  (150 iters, use_kl=True, disc_int_condition=true (TinyInteract <- D_int_C_production.pt), alpha_marg=0.0033, alpha_int=0.0021, frozen=False)
======================================================================
[lsweep-lam0-lsweep_09108f2e_seed1 it10/150] 21.9s  score=(0, 1)  r_marg=0.136  r_int=-0.101  ETA 54.2min
[lsweep-lam0-lsweep_09108f2e_seed1 it20/150] 24.1s  score=(0, 0)  r_marg=-0.087  r_int=-0.216  ETA 50.6min
[lsweep-lam0-lsweep_09108f2e_seed1 it30/150] 26.6s  score=(1, 1)  r_marg=-0.005  r_int=-0.034  ETA 47.6min
[lsweep-lam0-lsweep_09108f2e_seed1 it40/150] 21.8s  score=(1, 0)  r_marg=0.098  r_int=-0.146  ETA 44.3min

[lsweep-lam0-lsweep_09108f2e_seed1 it50] EVAL (607s): win=0.600 SAP=84.05% MECHA=0.1322 CSI=-0.01044892406628739 health=saturating lam=0.0000
[lsweep-lam0-lsweep_09108f2e_seed1 it50/150] 22.9s  score=(1, 0)  r_marg=0.246  r_int=-0.203  ETA 39.8min
[lsweep-lam0-lsweep_09108f2e_seed1 it60/150] 24.4s  score=(1, 0)  r_marg=0.362  r_int=0.021  ETA 35.4min
[lsweep-lam0-lsweep_09108f2e_seed1 it70/150] 25.6s  score=(0, 2)  r_marg=0.044  r_int=0.400  ETA 32.0min
[lsweep-lam0-lsweep_09108f2e_seed1 it80/150] 27.5s  score=(0, 0)  r_marg=0.215  r_int=0.020  ETA 28.0min
[lsweep-lam0-lsweep_09108f2e_seed1 it90/150] 24.1s  score=(1, 0)  r_marg=-0.006  r_int=-0.008  ETA 23.9min

[lsweep-lam0-lsweep_09108f2e_seed1 it100] EVAL (632s): win=0.733 SAP=83.13% MECHA=0.1130 CSI=-0.09142967190177498 health=saturating lam=0.0000
[lsweep-lam0-lsweep_09108f2e_seed1 it100/150] 24.0s  score=(1, 0)  r_marg=0.293  r_int=-0.171  ETA 19.9min
[lsweep-lam0-lsweep_09108f2e_seed1 it110/150] 25.9s  score=(2, 2)  r_marg=0.085  r_int=0.491  ETA 16.0min
[lsweep-lam0-lsweep_09108f2e_seed1 it120/150] 25.2s  score=(2, 1)  r_marg=0.271  r_int=-0.089  ETA 12.4min
[lsweep-lam0-lsweep_09108f2e_seed1 it130/150] 24.7s  score=(0, 0)  r_marg=-0.112  r_int=0.247  ETA 8.5min
[lsweep-lam0-lsweep_09108f2e_seed1 it140/150] 23.5s  score=(1, 1)  r_marg=-0.115  r_int=0.193  ETA 4.1min

[lsweep-lam0-lsweep_09108f2e_seed1 it150] EVAL (654s): win=0.733 SAP=82.93% MECHA=0.1285 CSI=0.236814604579753 health=saturating lam=0.0000
[lsweep-lam0-lsweep_09108f2e_seed1 it150/150] 22.5s  score=(0, 1)  r_marg=-0.050  r_int=0.477  ETA 0.0min
lsweep-lam0-lsweep_09108f2e_seed1 done in 91.8min, 150 iters, halted=False -> ablation_lsweep-lam0-lsweep_09108f2e_seed1.pt
