wandb: [wandb.login()] Loaded credentials for https://api.wandb.ai from /home/u5749464/.netrc.
wandb: Currently logged in as: praneethkotipalli (praneethkotipalli-university-of-warwick) to https://api.wandb.ai. Use `wandb login --relogin` to force relogin
wandb: WARNING Using a boolean value for 'reinit' is deprecated. Use 'return_previous' or 'finish_previous' instead.
wandb: setting up run r4kulyk3
wandb: Tracking run with wandb version 0.25.0
wandb: Run data is saved locally in /home/u5749464/dissertation/context-aware-magail-grf/src/policy/wandb/run-20260910_205335-r4kulyk3
wandb: Run `wandb offline` to turn off syncing.
wandb: Syncing run lsweep-lam0.003-lsweep_09108f2e_seed2
wandb: ⭐️ View project at https://wandb.ai/praneethkotipalli-university-of-warwick/magail-c-v2
wandb: 🚀 View run at https://wandb.ai/praneethkotipalli-university-of-warwick/magail-c-v2/runs/r4kulyk3
wandb: updating run metadata
wandb: uploading wandb-summary.json; uploading config.yaml; uploading output.log
wandb: uploading history steps 149-149, summary, console lines 18-20
wandb: 
wandb: Run history:
wandb:           disc/acc ▃█▆▆▂▄▁▄▅▅▅▆▄▃▂
wandb:     disc/acc_agent ▄█▇▇▁▃▃▅▆▄▅▆▄▃▃
wandb:    disc/acc_expert ▄█▄▄▇▆▁▃▅█▇▇▅▄▂
wandb:     disc/bce_agent ▃▁▂▃█▅▄▅▃▅▃▄▅▄▄
wandb:    disc/bce_expert ▇▄▅▄▅▆▇█▇▁▃▅▆▆▆
wandb:           disc/ess ▇▇▇██████▁▃████
wandb:      disc/gp_value █▆▃▅▁▅▆▅▂▂▁▅▁▃▃
wandb:          disc/loss ▇▂▃▄▇▇▇█▄▂▁▅▅▅▅
wandb:          disc/step ▁▁▂▃▃▃▄▅▅▅▆▇▇▇█
wandb: disc/swap_hinge_ll ▁▅█▃▄▃▃▁▁▄▂▃▃▅▇
wandb:                +31 ...
wandb: 
wandb: Run summary:
wandb:           disc/acc 0.91797
wandb:     disc/acc_agent 0.90625
wandb:    disc/acc_expert 0.92969
wandb:     disc/bce_agent 0.45847
wandb:    disc/bce_expert 0.4603
wandb:           disc/ess 106.90872
wandb:      disc/gp_value 0.12752
wandb:          disc/loss 1.04854
wandb:          disc/step 15
wandb: disc/swap_hinge_ll 0.00012
wandb:                +32 ...
wandb: 
wandb: 🚀 View run lsweep-lam0.003-lsweep_09108f2e_seed2 at: https://wandb.ai/praneethkotipalli-university-of-warwick/magail-c-v2/runs/r4kulyk3
wandb: ⭐️ View project at: https://wandb.ai/praneethkotipalli-university-of-warwick/magail-c-v2
wandb: Synced 5 W&B file(s), 0 media file(s), 0 artifact file(s) and 0 other file(s)
wandb: Find logs at: ./wandb/run-20260910_205335-r4kulyk3/logs

======================================================================
lsweep-lam0.003-lsweep_09108f2e_seed2  (150 iters, use_kl=True, disc_int_condition=true (TinyInteract <- D_int_C_production.pt), alpha_marg=0.0033, alpha_int=0.0021, frozen=False)
======================================================================
[lsweep-lam0.003-lsweep_09108f2e_seed2 it10/150] 26.1s  score=(1, 0)  r_marg=0.072  r_int=-0.129  ETA 55.8min
[lsweep-lam0.003-lsweep_09108f2e_seed2 it20/150] 26.5s  score=(3, 0)  r_marg=-0.036  r_int=-0.881  ETA 54.1min
[lsweep-lam0.003-lsweep_09108f2e_seed2 it30/150] 25.2s  score=(0, 0)  r_marg=0.254  r_int=-0.037  ETA 52.5min
[lsweep-lam0.003-lsweep_09108f2e_seed2 it40/150] 28.9s  score=(1, 3)  r_marg=-0.077  r_int=0.579  ETA 48.6min

[lsweep-lam0.003-lsweep_09108f2e_seed2 it50] EVAL (660s): win=0.733 SAP=84.24% MECHA=0.1275 CSI=-0.06650900711901875 health=saturating lam=0.0030
[lsweep-lam0.003-lsweep_09108f2e_seed2 it50/150] 27.3s  score=(1, 0)  r_marg=0.078  r_int=-0.224  ETA 43.9min
[lsweep-lam0.003-lsweep_09108f2e_seed2 it60/150] 25.5s  score=(1, 0)  r_marg=0.093  r_int=0.093  ETA 39.2min
[lsweep-lam0.003-lsweep_09108f2e_seed2 it70/150] 28.9s  score=(2, 2)  r_marg=0.104  r_int=0.201  ETA 35.0min
[lsweep-lam0.003-lsweep_09108f2e_seed2 it80/150] 25.6s  score=(2, 2)  r_marg=0.033  r_int=0.338  ETA 31.4min
[lsweep-lam0.003-lsweep_09108f2e_seed2 it90/150] 29.0s  score=(3, 1)  r_marg=-0.039  r_int=-0.774  ETA 27.0min

[lsweep-lam0.003-lsweep_09108f2e_seed2 it100] EVAL (678s): win=0.767 SAP=79.88% MECHA=0.1188 CSI=-0.12600308797594162 health=saturating lam=0.0030
[lsweep-lam0.003-lsweep_09108f2e_seed2 it100/150] 23.7s  score=(1, 0)  r_marg=0.026  r_int=0.111  ETA 21.7min
[lsweep-lam0.003-lsweep_09108f2e_seed2 it110/150] 25.7s  score=(1, 0)  r_marg=0.015  r_int=0.345  ETA 17.5min
[lsweep-lam0.003-lsweep_09108f2e_seed2 it120/150] 25.7s  score=(0, 0)  r_marg=0.312  r_int=0.643  ETA 13.4min
[lsweep-lam0.003-lsweep_09108f2e_seed2 it130/150] 27.9s  score=(2, 0)  r_marg=-0.250  r_int=-0.181  ETA 8.7min
[lsweep-lam0.003-lsweep_09108f2e_seed2 it140/150] 26.0s  score=(4, 1)  r_marg=-0.221  r_int=-0.576  ETA 4.3min

[lsweep-lam0.003-lsweep_09108f2e_seed2 it150] EVAL (632s): win=0.733 SAP=72.26% MECHA=0.1270 CSI=-0.015272802216950487 health=saturating lam=0.0030
[lsweep-lam0.003-lsweep_09108f2e_seed2 it150/150] 26.7s  score=(2, 0)  r_marg=-0.046  r_int=0.354  ETA 0.0min
lsweep-lam0.003-lsweep_09108f2e_seed2 done in 98.1min, 150 iters, halted=False -> ablation_lsweep-lam0.003-lsweep_09108f2e_seed2.pt
