wandb: [wandb.login()] Loaded credentials for https://api.wandb.ai from /home/u5749464/.netrc.
wandb: Currently logged in as: praneethkotipalli (praneethkotipalli-university-of-warwick) to https://api.wandb.ai. Use `wandb login --relogin` to force relogin
wandb: WARNING Using a boolean value for 'reinit' is deprecated. Use 'return_previous' or 'finish_previous' instead.
wandb: setting up run 6ilo4e06
wandb: Tracking run with wandb version 0.25.0
wandb: Run data is saved locally in /home/u5749464/dissertation/context-aware-magail-grf/src/policy/wandb/run-20260910_205335-6ilo4e06
wandb: Run `wandb offline` to turn off syncing.
wandb: Syncing run lsweep-lam0.1-lsweep_09108f2e_seed2
wandb: ⭐️ View project at https://wandb.ai/praneethkotipalli-university-of-warwick/magail-c-v2
wandb: 🚀 View run at https://wandb.ai/praneethkotipalli-university-of-warwick/magail-c-v2/runs/6ilo4e06
wandb: updating run metadata
wandb: uploading output.log; uploading wandb-summary.json; uploading config.yaml
wandb: 
wandb: Run history:
wandb:           disc/acc █▇▃▄█▃▁▂█▇▁▆▆▅▆
wandb:     disc/acc_agent █▅▃▅▆▁▃▃█▅▁▄▅▅▅
wandb:    disc/acc_expert ▄█▅▃▇▇▁▂▄▇▃▇▅▅▆
wandb:     disc/bce_agent ▅▄▆▆▆▆▇▇▁▄▇█▆▇▆
wandb:    disc/bce_expert ▇▁▆▁▄▅█▇▇▃▄▁▃▃▃
wandb:           disc/ess ▅██████▁▅▅█████
wandb:      disc/gp_value █▅▃▆▂▅▆▆▃▂▁▆▂▄▃
wandb:          disc/loss ▇▃▆▆▄▆██▁▃▅▇▄▆▅
wandb:          disc/step ▁▁▂▃▃▃▄▅▅▅▆▇▇▇█
wandb: disc/swap_hinge_ll ▁▄▆▂▃▂▃▁▁▄▂▂▃▅█
wandb:                +31 ...
wandb: 
wandb: Run summary:
wandb:           disc/acc 0.95312
wandb:     disc/acc_agent 0.94531
wandb:    disc/acc_expert 0.96094
wandb:     disc/bce_agent 0.45519
wandb:    disc/bce_expert 0.4511
wandb:           disc/ess 106.90872
wandb:      disc/gp_value 0.1288
wandb:          disc/loss 1.03805
wandb:          disc/step 15
wandb: disc/swap_hinge_ll 0.00021
wandb:                +32 ...
wandb: 
wandb: 🚀 View run lsweep-lam0.1-lsweep_09108f2e_seed2 at: https://wandb.ai/praneethkotipalli-university-of-warwick/magail-c-v2/runs/6ilo4e06
wandb: ⭐️ View project at: https://wandb.ai/praneethkotipalli-university-of-warwick/magail-c-v2
wandb: Synced 5 W&B file(s), 0 media file(s), 0 artifact file(s) and 0 other file(s)
wandb: Find logs at: ./wandb/run-20260910_205335-6ilo4e06/logs

======================================================================
lsweep-lam0.1-lsweep_09108f2e_seed2  (150 iters, use_kl=True, disc_int_condition=true (TinyInteract <- D_int_C_production.pt), alpha_marg=0.0033, alpha_int=0.0021, frozen=False)
======================================================================
[lsweep-lam0.1-lsweep_09108f2e_seed2 it10/150] 21.7s  score=(5, 0)  r_marg=-0.772  r_int=-1.583  ETA 56.3min
[lsweep-lam0.1-lsweep_09108f2e_seed2 it20/150] 25.5s  score=(0, 1)  r_marg=-0.102  r_int=0.592  ETA 52.5min
[lsweep-lam0.1-lsweep_09108f2e_seed2 it30/150] 24.1s  score=(1, 2)  r_marg=-0.037  r_int=0.064  ETA 49.4min
[lsweep-lam0.1-lsweep_09108f2e_seed2 it40/150] 24.8s  score=(3, 0)  r_marg=-0.545  r_int=-1.701  ETA 45.7min

[lsweep-lam0.1-lsweep_09108f2e_seed2 it50] EVAL (620s): win=0.633 SAP=87.53% MECHA=0.1273 CSI=None health=saturating lam=0.1000
[lsweep-lam0.1-lsweep_09108f2e_seed2 it50/150] 27.3s  score=(1, 0)  r_marg=-0.110  r_int=0.236  ETA 41.2min
[lsweep-lam0.1-lsweep_09108f2e_seed2 it60/150] 22.8s  score=(4, 1)  r_marg=-0.658  r_int=-1.620  ETA 37.4min
[lsweep-lam0.1-lsweep_09108f2e_seed2 it70/150] 22.1s  score=(2, 1)  r_marg=0.033  r_int=0.226  ETA 34.7min
[lsweep-lam0.1-lsweep_09108f2e_seed2 it80/150] 25.4s  score=(1, 0)  r_marg=-0.141  r_int=0.123  ETA 30.1min
[lsweep-lam0.1-lsweep_09108f2e_seed2 it90/150] 25.5s  score=(2, 0)  r_marg=-0.041  r_int=-0.779  ETA 25.3min

[lsweep-lam0.1-lsweep_09108f2e_seed2 it100] EVAL (665s): win=0.533 SAP=85.09% MECHA=0.1249 CSI=0.04101092942472251 health=saturating lam=0.1000
[lsweep-lam0.1-lsweep_09108f2e_seed2 it100/150] 25.5s  score=(2, 3)  r_marg=-0.050  r_int=0.084  ETA 21.0min
[lsweep-lam0.1-lsweep_09108f2e_seed2 it110/150] 23.7s  score=(3, 1)  r_marg=-0.071  r_int=0.026  ETA 16.8min
[lsweep-lam0.1-lsweep_09108f2e_seed2 it120/150] 25.1s  score=(0, 0)  r_marg=-0.009  r_int=0.468  ETA 13.0min
[lsweep-lam0.1-lsweep_09108f2e_seed2 it130/150] 28.4s  score=(3, 0)  r_marg=-0.121  r_int=-0.564  ETA 8.6min
[lsweep-lam0.1-lsweep_09108f2e_seed2 it140/150] 23.8s  score=(0, 0)  r_marg=0.012  r_int=0.228  ETA 4.2min

[lsweep-lam0.1-lsweep_09108f2e_seed2 it150] EVAL (641s): win=0.567 SAP=86.73% MECHA=0.1187 CSI=0.019110696647889558 health=saturating lam=0.1000
[lsweep-lam0.1-lsweep_09108f2e_seed2 it150/150] 27.5s  score=(1, 1)  r_marg=0.049  r_int=0.536  ETA 0.0min
lsweep-lam0.1-lsweep_09108f2e_seed2 done in 95.3min, 150 iters, halted=False -> ablation_lsweep-lam0.1-lsweep_09108f2e_seed2.pt
