nohup: ignoring input
CPU cores: 48
Available RAM: 64.3 GB

Proposed concurrent workers: 37 (of 48 cores)  |  37 total jobs (32 trained, 5 frozen-eval-only)
WARNING: 64.3 GB available, 37 workers requested. Each GRF instance can use noticeable memory -- if this is too tight, reduce --workers rather than find out via an OOM kill mid-run.

Using MANUAL iteration override: 120 (bypassing auto-solver)

37-way concurrency  |  37 runs  |  1 batches  |  iterations/run: 120
  launched MAGAIL-C_seed0  (1/37 slots, 36 still queued)
  launched MAGAIL-SC_seed0  (2/37 slots, 35 still queued)
  launched MAGAIL-C+KL_seed0  (3/37 slots, 34 still queued)
  launched MAPPO-baseline_seed0  (4/37 slots, 33 still queued)
  launched MAGAIL-NC_seed0  (5/37 slots, 32 still queued)
  launched lambda_sweep_0.001_seed0  (6/37 slots, 31 still queued)
  launched lambda_sweep_0.01_seed0  (7/37 slots, 30 still queued)
  launched lambda_sweep_0.1_seed0  (8/37 slots, 29 still queued)
  launched lambda_sweep_1.0_seed0  (9/37 slots, 28 still queued)
  launched MAGAIL-C_seed1  (10/37 slots, 27 still queued)
  launched MAGAIL-SC_seed1  (11/37 slots, 26 still queued)
  launched MAGAIL-C+KL_seed1  (12/37 slots, 25 still queued)
  launched MAPPO-baseline_seed1  (13/37 slots, 24 still queued)
  launched MAGAIL-NC_seed1  (14/37 slots, 23 still queued)
  launched lambda_sweep_0.001_seed1  (15/37 slots, 22 still queued)
  launched lambda_sweep_0.01_seed1  (16/37 slots, 21 still queued)
  launched lambda_sweep_0.1_seed1  (17/37 slots, 20 still queued)
  launched lambda_sweep_1.0_seed1  (18/37 slots, 19 still queued)
  launched MAGAIL-C_seed2  (19/37 slots, 18 still queued)
  launched MAGAIL-SC_seed2  (20/37 slots, 17 still queued)
  launched MAGAIL-C+KL_seed2  (21/37 slots, 16 still queued)
  launched MAPPO-baseline_seed2  (22/37 slots, 15 still queued)
  launched MAGAIL-NC_seed2  (23/37 slots, 14 still queued)
  launched lambda_sweep_0.001_seed2  (24/37 slots, 13 still queued)
  launched lambda_sweep_0.01_seed2  (25/37 slots, 12 still queued)
  launched lambda_sweep_0.1_seed2  (26/37 slots, 11 still queued)
  launched lambda_sweep_1.0_seed2  (27/37 slots, 10 still queued)
  launched MAGAIL-C_seed3  (28/37 slots, 9 still queued)
  launched MAGAIL-SC_seed3  (29/37 slots, 8 still queued)
  launched MAGAIL-C+KL_seed3  (30/37 slots, 7 still queued)
  launched MAPPO-baseline_seed3  (31/37 slots, 6 still queued)
  launched MAGAIL-NC_seed3  (32/37 slots, 5 still queued)
  launched MAGAIL-C_seed4  (33/37 slots, 4 still queued)
  launched MAGAIL-SC_seed4  (34/37 slots, 3 still queued)
  launched MAGAIL-C+KL_seed4  (35/37 slots, 2 still queued)
  launched MAPPO-baseline_seed4  (36/37 slots, 1 still queued)
  launched MAGAIL-NC_seed4  (37/37 slots, 0 still queued)
  finished MAGAIL-C+KL_seed2  (18.4min, OK)
  finished lambda_sweep_0.01_seed2  (18.5min, OK)
  finished MAGAIL-NC_seed0  (18.6min, OK)
  finished lambda_sweep_0.001_seed2  (18.6min, OK)
  finished MAPPO-baseline_seed0  (20.3min, OK)
  finished MAPPO-baseline_seed4  (20.4min, OK)
  finished MAPPO-baseline_seed1  (20.5min, OK)
  finished MAPPO-baseline_seed2  (20.5min, OK)
  finished MAPPO-baseline_seed3  (20.5min, OK)
  finished MAGAIL-C+KL_seed0  (35.0min, OK)
  finished MAGAIL-C_seed1  (35.0min, OK)
  finished lambda_sweep_0.1_seed2  (35.0min, OK)
  finished MAGAIL-SC_seed0  (35.1min, OK)
  finished MAGAIL-C_seed2  (35.9min, OK)
  finished MAGAIL-C_seed4  (50.1min, OK)
  finished MAGAIL-SC_seed4  (50.1min, OK)
  finished lambda_sweep_0.01_seed0  (50.3min, OK)
  finished lambda_sweep_1.0_seed0  (50.4min, OK)
  finished MAGAIL-SC_seed3  (50.5min, OK)
  finished lambda_sweep_1.0_seed2  (50.5min, OK)
  finished lambda_sweep_1.0_seed1  (50.8min, OK)
  finished MAGAIL-NC_seed2  (50.8min, OK)
  finished MAGAIL-SC_seed1  (50.9min, OK)
  finished MAGAIL-NC_seed4  (51.0min, OK)
  finished MAGAIL-NC_seed3  (51.0min, OK)
  finished MAGAIL-NC_seed1  (51.1min, OK)
  finished MAGAIL-C+KL_seed1  (51.4min, OK)
  finished lambda_sweep_0.1_seed0  (51.8min, OK)
  finished MAGAIL-C+KL_seed4  (52.0min, OK)
  finished lambda_sweep_0.001_seed1  (52.0min, OK)
  finished lambda_sweep_0.001_seed0  (52.4min, OK)
  finished lambda_sweep_0.1_seed1  (52.5min, OK)
  finished MAGAIL-C_seed3  (52.5min, OK)
  finished MAGAIL-C+KL_seed3  (52.5min, OK)
  finished MAGAIL-SC_seed2  (52.6min, OK)
  finished MAGAIL-C_seed0  (52.7min, OK)
  finished lambda_sweep_0.01_seed1  (52.7min, OK)

======================================================================
ALL DONE: 0.88h wall time for 37 runs
======================================================================
Succeeded: 37/37
