wandb: [wandb.login()] Loaded credentials for https://api.wandb.ai from /home/u5749464/.netrc.
wandb: Currently logged in as: praneethkotipalli (praneethkotipalli-university-of-warwick) to https://api.wandb.ai. Use `wandb login --relogin` to force relogin
wandb: WARNING Using a boolean value for 'reinit' is deprecated. Use 'return_previous' or 'finish_previous' instead.
wandb: setting up run mkc11ugf
wandb: Tracking run with wandb version 0.25.0
wandb: Run data is saved locally in /home/u5749464/dissertation/context-aware-magail-grf/src/policy/wandb/run-20260904_230817-mkc11ugf
wandb: Run `wandb offline` to turn off syncing.
wandb: Syncing run lambda_sweep_1.0_seed2
wandb: ⭐️ View project at https://wandb.ai/praneethkotipalli-university-of-warwick/magail-c
wandb: 🚀 View run at https://wandb.ai/praneethkotipalli-university-of-warwick/magail-c/runs/mkc11ugf
wandb: updating run metadata
wandb: uploading history steps 89-89, summary, console lines 12-16
wandb: uploading data
wandb: 
wandb: Run history:
wandb:           disc/acc ▄▂▁▂█▄▃▇▇▅▅▇▄▇▃▅▅▆▁█▆▃▃▁▅▁▇▅▄▅
wandb:     disc/acc_agent ▆▃▁▁▇▆▆▇██▇█▆▆▅▆▄▅▁▇▅▃▄▂▆▂▆▇▆▅
wandb:    disc/acc_expert ▃▅▇█▇▃▂▆▃▁▃▅▃▆▄▅█▇▇██▆▄▅▅▅▆▄▃▅
wandb:     disc/bce_agent ▃▇██▃▄▃▂▂▂▃▁▂▂▄▃▅▅▆▄▅▆▆▆▅▆▅▃▄▅
wandb:    disc/bce_expert ▅▂▁▂▃▆██▇██▆▆▅▅▅▄▂▃▃▂▄▃▂▃▃▃▄▅▅
wandb:           disc/ess ▁▁▆▆▆█████████████████████████
wandb:      disc/gp_value ▅▂▂▃▄▄█▇▄▅▅▄▄▃▃▃▂▁▇▅█▇▇▂▄▆▅▅▆▄
wandb:          disc/loss ▃█▄▅▁▅▇▅▃▅▅▁▃▁▃▂▃▁▆▂▄▅▅▂▃▅▂▂▄▄
wandb:          disc/step ▁▁▁▂▂▂▂▃▃▃▃▄▄▄▄▅▅▅▅▆▆▆▆▇▇▇▇███
wandb: disc/swap_hinge_ll ▁█▁▁▁▁▁▁▁▁▁▁▁▂▁▁▃▃▄▂▂▁▁▁▁▁▁▁▁▁
wandb:                +22 ...
wandb: 
wandb: Run summary:
wandb:           disc/acc 0.94531
wandb:     disc/acc_agent 0.94531
wandb:    disc/acc_expert 0.94531
wandb:     disc/bce_agent 0.45488
wandb:    disc/bce_expert 0.46832
wandb:           disc/ess 106.90872
wandb:      disc/gp_value 0.12908
wandb:          disc/loss 1.05546
wandb:          disc/step 30
wandb: disc/swap_hinge_ll 0.00014
wandb:                +23 ...
wandb: 
wandb: 🚀 View run lambda_sweep_1.0_seed2 at: https://wandb.ai/praneethkotipalli-university-of-warwick/magail-c/runs/mkc11ugf
wandb: ⭐️ View project at: https://wandb.ai/praneethkotipalli-university-of-warwick/magail-c
wandb: Synced 5 W&B file(s), 0 media file(s), 0 artifact file(s) and 0 other file(s)
wandb: Find logs at: ./wandb/run-20260904_230817-mkc11ugf/logs

======================================================================
lambda_sweep_1.0_seed2  (120 iters, use_kl=True, shuffle_context=False, use_context=True, frozen=False)
======================================================================
[lambda_sweep_1.0_seed2 it10/120] 30.1s  score=(0, 0)  r_style=-0.783  ETA 52.3min
[lambda_sweep_1.0_seed2 it20/120] 29.5s  score=(0, 0)  r_style=-1.099  ETA 47.5min

[lambda_sweep_1.0_seed2 it30] EVAL (241s): win=0.800 SAP=86.00% MECHA=0.1217 CSI=None health=saturating lam=1.0000
[lambda_sweep_1.0_seed2 it30/120] 29.6s  score=(2, 0)  r_style=-1.276  ETA 42.8min
[lambda_sweep_1.0_seed2 it40/120] 27.1s  score=(2, 0)  r_style=-1.005  ETA 36.9min
[lambda_sweep_1.0_seed2 it50/120] 25.3s  score=(0, 0)  r_style=-0.917  ETA 30.5min

[lambda_sweep_1.0_seed2 it60] EVAL (214s): win=0.700 SAP=84.40% MECHA=0.1318 CSI=None health=saturating lam=1.0000
[lambda_sweep_1.0_seed2 it60/120] 26.1s  score=(2, 1)  r_style=-0.807  ETA 25.6min
[lambda_sweep_1.0_seed2 it70/120] 23.3s  score=(1, 2)  r_style=-0.840  ETA 20.8min
[lambda_sweep_1.0_seed2 it80/120] 24.6s  score=(2, 1)  r_style=-1.031  ETA 16.0min

[lambda_sweep_1.0_seed2 it90] EVAL (209s): win=0.400 SAP=84.80% MECHA=0.1395 CSI=-0.04215193275326656 health=saturating lam=1.0000
  KILL-SWITCH (win rate): win rate 0.400 is 35.9% below baseline 0.624 (>25% kill-switch)
  KILL-SWITCH (disc saturating, step=30)
[lambda_sweep_1.0_seed2 it90/120] 25.5s  score=(1, 0)  r_style=-1.267  ETA 11.9min
lambda_sweep_1.0_seed2 done in 50.3min, 90 iters, halted=True -> ablation_lambda_sweep_1.0_seed2.pt
