wandb: [wandb.login()] Loaded credentials for https://api.wandb.ai from /home/u5749464/.netrc.
wandb: Currently logged in as: praneethkotipalli (praneethkotipalli-university-of-warwick) to https://api.wandb.ai. Use `wandb login --relogin` to force relogin
wandb: WARNING Using a boolean value for 'reinit' is deprecated. Use 'return_previous' or 'finish_previous' instead.
wandb: setting up run cck61j6v
wandb: Tracking run with wandb version 0.25.0
wandb: Run data is saved locally in /home/u5749464/dissertation/context-aware-magail-grf/src/policy/wandb/run-20260904_230817-cck61j6v
wandb: Run `wandb offline` to turn off syncing.
wandb: Syncing run MAGAIL-C_seed4
wandb: ⭐️ View project at https://wandb.ai/praneethkotipalli-university-of-warwick/magail-c
wandb: 🚀 View run at https://wandb.ai/praneethkotipalli-university-of-warwick/magail-c/runs/cck61j6v
wandb: updating run metadata
wandb: uploading output.log; uploading config.yaml
wandb: uploading history steps 89-89, summary, console lines 12-15
wandb: 
wandb: Run history:
wandb:           disc/acc ▇▇▇▃▄▂▇▂▁▄▃█▄▆▅█▅▂▅▂▆▅▂▄▄▄▃▅▅▆
wandb:     disc/acc_agent ▄██▂▆▃▅▁▂▆▄▇▇▇▅▇▄▄▅▃▇▆▃▄▇▅▅▆▃▅
wandb:    disc/acc_expert █▄▄▅▂▄▇▅▃▃▃▆▁▄▄▆▆▂▅▃▄▃▄▅▁▂▂▃▇▅
wandb:     disc/bce_agent ▆▁▂▄▃█▆▆▆▂▄▁▄▃▅▂▅▆▄▅▃▃█▆▄▄▇▄▅▅
wandb:    disc/bce_expert ▁▆▇▅▅▄▂▃▄▇▇▄▇▇▆▅▄▆▅▅▄▅▅▅█▆▇▇▄▆
wandb:           disc/ess ▁▄▇▇████▅▅▅▅▅█████████████████
wandb:      disc/gp_value ▆█▃▃▂▃▂▂▂▃▅▄▃▄▂▃▂▄▃▃▂▁▂▁▃▃▅▄▂▄
wandb:          disc/loss ▄▄▃▄▃▆▃▃▄▄▆▁▅▅▅▂▄▇▄▅▂▂▆▄▆▅█▆▃▅
wandb:          disc/step ▁▁▁▂▂▂▂▃▃▃▃▄▄▄▄▅▅▅▅▆▆▆▆▇▇▇▇███
wandb: disc/swap_hinge_ll ▁▁▂▁▇▅▂▃▁▄▃▁▁▄▂▂▃▅▁▁▁█▃▁▁▄▃▄▁▁
wandb:                +22 ...
wandb: 
wandb: Run summary:
wandb:           disc/acc 0.95703
wandb:     disc/acc_agent 0.94531
wandb:    disc/acc_expert 0.96875
wandb:     disc/bce_agent 0.45627
wandb:    disc/bce_expert 0.46441
wandb:           disc/ess 106.90872
wandb:      disc/gp_value 0.13054
wandb:          disc/loss 1.05165
wandb:          disc/step 30
wandb: disc/swap_hinge_ll 0
wandb:                +23 ...
wandb: 
wandb: 🚀 View run MAGAIL-C_seed4 at: https://wandb.ai/praneethkotipalli-university-of-warwick/magail-c/runs/cck61j6v
wandb: ⭐️ View project at: https://wandb.ai/praneethkotipalli-university-of-warwick/magail-c
wandb: Synced 5 W&B file(s), 0 media file(s), 0 artifact file(s) and 0 other file(s)
wandb: Find logs at: ./wandb/run-20260904_230817-cck61j6v/logs

======================================================================
MAGAIL-C_seed4  (120 iters, use_kl=False, shuffle_context=False, use_context=True, frozen=False)
======================================================================
[MAGAIL-C_seed4 it10/120] 27.0s  score=(1, 1)  r_style=-0.798  ETA 52.1min
[MAGAIL-C_seed4 it20/120] 27.4s  score=(1, 1)  r_style=-0.891  ETA 47.2min

[MAGAIL-C_seed4 it30] EVAL (235s): win=0.900 SAP=84.90% MECHA=0.1240 CSI=None health=saturating lam=1.0000
[MAGAIL-C_seed4 it30/120] 28.7s  score=(2, 1)  r_style=-1.287  ETA 42.4min
[MAGAIL-C_seed4 it40/120] 25.4s  score=(0, 2)  r_style=-1.060  ETA 36.5min
[MAGAIL-C_seed4 it50/120] 22.8s  score=(2, 0)  r_style=-0.642  ETA 30.1min

[MAGAIL-C_seed4 it60] EVAL (237s): win=0.500 SAP=86.33% MECHA=0.1304 CSI=-0.06691129308198618 health=saturating lam=1.0000
[MAGAIL-C_seed4 it60/120] 25.8s  score=(1, 0)  r_style=-1.031  ETA 25.5min
[MAGAIL-C_seed4 it70/120] 21.9s  score=(1, 1)  r_style=-0.795  ETA 20.5min
[MAGAIL-C_seed4 it80/120] 22.7s  score=(0, 0)  r_style=-0.624  ETA 15.8min

[MAGAIL-C_seed4 it90] EVAL (206s): win=0.700 SAP=84.99% MECHA=0.1405 CSI=0.1157890429133892 health=saturating lam=1.0000
  KILL-SWITCH (disc saturating, step=30)
[MAGAIL-C_seed4 it90/120] 20.3s  score=(0, 0)  r_style=-1.116  ETA 11.4min
MAGAIL-C_seed4 done in 49.9min, 90 iters, halted=True -> ablation_MAGAIL-C_seed4.pt
