wandb: [wandb.login()] Loaded credentials for https://api.wandb.ai from /home/u5749464/.netrc.
wandb: Currently logged in as: praneethkotipalli (praneethkotipalli-university-of-warwick) to https://api.wandb.ai. Use `wandb login --relogin` to force relogin
wandb: WARNING Using a boolean value for 'reinit' is deprecated. Use 'return_previous' or 'finish_previous' instead.
wandb: Tracking run with wandb version 0.25.0
wandb: Run data is saved locally in /home/u5749464/dissertation/context-aware-magail-grf/src/policy/wandb/run-20260904_230817-yvb7nnlt
wandb: Run `wandb offline` to turn off syncing.
wandb: Syncing run MAGAIL-C_seed1
wandb: ⭐️ View project at https://wandb.ai/praneethkotipalli-university-of-warwick/magail-c
wandb: 🚀 View run at https://wandb.ai/praneethkotipalli-university-of-warwick/magail-c/runs/yvb7nnlt
wandb: updating run metadata
wandb: uploading output.log; uploading wandb-summary.json; uploading config.yaml
wandb: 
wandb: Run history:
wandb:           disc/acc ▃▅▅▁▁▅▄█▅▅▅▄▂▂▅▅▇▂▃▄
wandb:     disc/acc_agent ▁▆▇▃▂▃▃█▆▆▇▆▆▅▅▅█▆▃▆
wandb:    disc/acc_expert █▅▄▃▄█▇▇▅▅▄▃▂▃▇▇▆▁▅▃
wandb:     disc/bce_agent ▇▃▃▇▇█▇▅▃▁▃▄▅▆▇▅▄▆▆▅
wandb:    disc/bce_expert ▁▇▇▅▅▃▄▄▇▆▆▄█▄▃▃▄▄▅▆
wandb:           disc/ess ▁▇▇█████████████████
wandb:      disc/gp_value ▆▅▁▄▅▁▂▄▄▇▅▃▆▂▅▃▆▇▆█
wandb:          disc/loss ▂▄▂▅▆▄▄▂▃▂▄▁█▃▄▂▃▅▅▅
wandb:          disc/step ▁▁▂▂▂▃▃▄▄▄▅▅▅▆▆▇▇▇██
wandb: disc/swap_hinge_ll ▂▁▃▁▂▅▁▁▁▁▁▁▁█▇▇▁▁▂▁
wandb:                +22 ...
wandb: 
wandb: Run summary:
wandb:           disc/acc 0.95312
wandb:     disc/acc_agent 0.96094
wandb:    disc/acc_expert 0.94531
wandb:     disc/bce_agent 0.44692
wandb:    disc/bce_expert 0.46453
wandb:           disc/ess 106.90872
wandb:      disc/gp_value 0.14313
wandb:          disc/loss 1.05458
wandb:          disc/step 20
wandb: disc/swap_hinge_ll 0
wandb:                +23 ...
wandb: 
wandb: 🚀 View run MAGAIL-C_seed1 at: https://wandb.ai/praneethkotipalli-university-of-warwick/magail-c/runs/yvb7nnlt
wandb: ⭐️ View project at: https://wandb.ai/praneethkotipalli-university-of-warwick/magail-c
wandb: Synced 5 W&B file(s), 0 media file(s), 0 artifact file(s) and 0 other file(s)
wandb: Find logs at: ./wandb/run-20260904_230817-yvb7nnlt/logs

======================================================================
MAGAIL-C_seed1  (120 iters, use_kl=False, shuffle_context=False, use_context=True, frozen=False)
======================================================================
[MAGAIL-C_seed1 it10/120] 27.8s  score=(1, 0)  r_style=-0.933  ETA 51.0min
[MAGAIL-C_seed1 it20/120] 29.2s  score=(0, 0)  r_style=-1.053  ETA 46.5min

[MAGAIL-C_seed1 it30] EVAL (242s): win=0.600 SAP=86.89% MECHA=0.1278 CSI=-0.08358866229363593 health=saturating lam=1.0000
[MAGAIL-C_seed1 it30/120] 28.7s  score=(0, 1)  r_style=-0.995  ETA 42.3min
[MAGAIL-C_seed1 it40/120] 24.2s  score=(1, 0)  r_style=-0.835  ETA 36.9min
[MAGAIL-C_seed1 it50/120] 22.7s  score=(1, 0)  r_style=-1.326  ETA 30.1min

[MAGAIL-C_seed1 it60] EVAL (229s): win=0.300 SAP=93.69% MECHA=0.0999 CSI=-0.02652235419479887 health=saturating lam=1.0000
  KILL-SWITCH (win rate): win rate 0.300 is 51.9% below baseline 0.624 (>25% kill-switch)
[MAGAIL-C_seed1 it60/120] 25.6s  score=(0, 1)  r_style=-1.244  ETA 25.3min
MAGAIL-C_seed1 done in 34.8min, 60 iters, halted=True -> ablation_MAGAIL-C_seed1.pt
