wandb: [wandb.login()] Loaded credentials for https://api.wandb.ai from /home/u5749464/.netrc.
wandb: Currently logged in as: praneethkotipalli (praneethkotipalli-university-of-warwick) to https://api.wandb.ai. Use `wandb login --relogin` to force relogin
wandb: WARNING Using a boolean value for 'reinit' is deprecated. Use 'return_previous' or 'finish_previous' instead.
wandb: setting up run lubn28iq
wandb: Tracking run with wandb version 0.25.0
wandb: Run data is saved locally in /home/u5749464/dissertation/context-aware-magail-grf/src/policy/wandb/run-20260904_230817-lubn28iq
wandb: Run `wandb offline` to turn off syncing.
wandb: Syncing run MAGAIL-C+KL_seed3
wandb: ⭐️ View project at https://wandb.ai/praneethkotipalli-university-of-warwick/magail-c
wandb: 🚀 View run at https://wandb.ai/praneethkotipalli-university-of-warwick/magail-c/runs/lubn28iq
wandb: updating run metadata
wandb: uploading output.log; uploading wandb-summary.json; uploading config.yaml
wandb: 
wandb: Run history:
wandb:           disc/acc ▄▅▅▄█▄▅▆▄▃▆█▁▃▅▅▅▅▄▅▆▇▄▅▂▅▄▆▆▆
wandb:     disc/acc_agent ▅▇▇▆▇▇▇██▆█▇▁▆█▅▇▆▅▅▅█▆▆▂▅▅▇▇▇
wandb:    disc/acc_expert ▄▃▂▃▇▂▄▅▁▁▄█▄▂▂▆▃▅▅▆▇▅▃▄▅▆▅▅▄▆
wandb:     disc/bce_agent ▇▆▆▇▇▅▅▃▄▄▄▃█▄▃▅▁▃▆▇▇▂▅▅█▆▄▂▄▄
wandb:    disc/bce_expert ▅▅▅▆▅▅▇▅█▆▆▄▆▇▅▄▄▄▁▃▂▃▄▅▃▃▃▄▅▄
wandb:           disc/ess █▇▇▇▇▇▇▁▅▅▅▅▅▅▇▇▇▇▇▇▇▇▇▇▇▇▇▇▇▇
wandb:      disc/gp_value █▅▅▇▄▃▆▅▃▃▄▃▄▂▃▃▄▆▁▃▇▄▄▅▃▂▄▄▄▁
wandb:          disc/loss ▅█▅▅▅▄▅▃▄▄▄▂▅▄▃▃▁▃▁▄▅▂▃▄▄▃▂▂▄▂
wandb:          disc/step ▁▁▁▂▂▂▂▃▃▃▃▄▄▄▄▅▅▅▅▆▆▆▆▇▇▇▇███
wandb: disc/swap_hinge_ll ▁█▁▁▁▁▁▁▁▁▁▁▁▁▁▁▁▁▂▂▃▃▁▁▁▁▁▁▁▁
wandb:                +22 ...
wandb: 
wandb: Run summary:
wandb:           disc/acc 0.96094
wandb:     disc/acc_agent 0.96094
wandb:    disc/acc_expert 0.96094
wandb:     disc/bce_agent 0.43691
wandb:    disc/bce_expert 0.45445
wandb:           disc/ess 106.90872
wandb:      disc/gp_value 0.11888
wandb:          disc/loss 1.0105
wandb:          disc/step 30
wandb: disc/swap_hinge_ll 4e-05
wandb:                +23 ...
wandb: 
wandb: 🚀 View run MAGAIL-C+KL_seed3 at: https://wandb.ai/praneethkotipalli-university-of-warwick/magail-c/runs/lubn28iq
wandb: ⭐️ View project at: https://wandb.ai/praneethkotipalli-university-of-warwick/magail-c
wandb: Synced 5 W&B file(s), 0 media file(s), 0 artifact file(s) and 0 other file(s)
wandb: Find logs at: ./wandb/run-20260904_230817-lubn28iq/logs

======================================================================
MAGAIL-C+KL_seed3  (120 iters, use_kl=True, shuffle_context=False, use_context=True, frozen=False)
======================================================================
[MAGAIL-C+KL_seed3 it10/120] 28.9s  score=(2, 1)  r_style=-1.493  ETA 54.0min
[MAGAIL-C+KL_seed3 it20/120] 30.6s  score=(0, 0)  r_style=-1.090  ETA 49.3min

[MAGAIL-C+KL_seed3 it30] EVAL (241s): win=0.600 SAP=87.41% MECHA=0.1157 CSI=0.01681250318512295 health=saturating lam=1.0000
[MAGAIL-C+KL_seed3 it30/120] 28.3s  score=(1, 0)  r_style=-0.844  ETA 44.6min
[MAGAIL-C+KL_seed3 it40/120] 27.0s  score=(1, 0)  r_style=-1.202  ETA 37.9min
[MAGAIL-C+KL_seed3 it50/120] 28.8s  score=(1, 0)  r_style=-1.074  ETA 32.0min

[MAGAIL-C+KL_seed3 it60] EVAL (220s): win=0.900 SAP=85.61% MECHA=0.1224 CSI=-0.0027091412351520905 health=saturating lam=1.0000
[MAGAIL-C+KL_seed3 it60/120] 29.6s  score=(3, 2)  r_style=-1.120  ETA 27.2min
[MAGAIL-C+KL_seed3 it70/120] 26.2s  score=(2, 0)  r_style=-0.736  ETA 22.1min
[MAGAIL-C+KL_seed3 it80/120] 21.8s  score=(1, 1)  r_style=-1.281  ETA 17.0min

[MAGAIL-C+KL_seed3 it90] EVAL (203s): win=0.500 SAP=87.99% MECHA=0.1243 CSI=-0.08991229837897097 health=saturating lam=1.0000
  KILL-SWITCH (disc saturating, step=30)
[MAGAIL-C+KL_seed3 it90/120] 27.9s  score=(0, 0)  r_style=-0.981  ETA 12.7min
MAGAIL-C+KL_seed3 done in 52.3min, 90 iters, halted=True -> ablation_MAGAIL-C+KL_seed3.pt
