wandb: [wandb.login()] Loaded credentials for https://api.wandb.ai from /home/u5749464/.netrc.
wandb: Currently logged in as: praneethkotipalli (praneethkotipalli-university-of-warwick) to https://api.wandb.ai. Use `wandb login --relogin` to force relogin
wandb: WARNING Using a boolean value for 'reinit' is deprecated. Use 'return_previous' or 'finish_previous' instead.
wandb: setting up run ohtqg7vt
wandb: Tracking run with wandb version 0.25.0
wandb: Run data is saved locally in /home/u5749464/dissertation/context-aware-magail-grf/src/policy/wandb/run-20260904_230817-ohtqg7vt
wandb: Run `wandb offline` to turn off syncing.
wandb: Syncing run MAGAIL-NC_seed3
wandb: ⭐️ View project at https://wandb.ai/praneethkotipalli-university-of-warwick/magail-c
wandb: 🚀 View run at https://wandb.ai/praneethkotipalli-university-of-warwick/magail-c/runs/ohtqg7vt
wandb: updating run metadata
wandb: uploading output.log; uploading wandb-summary.json; uploading config.yaml
wandb: uploading output.log; uploading wandb-summary.json
wandb: 
wandb: Run history:
wandb:           disc/acc ▅▄▂▅▅▆▄▁▁▃▅█▄▃▅▇▅▃▅▅▆▅▃▇▃▆▅▆▆▆
wandb:     disc/acc_agent ▆▄▂▅▃█▄▂▁▆▇█▆▆▇▇▆▃▅▄▅▅▄▇▂▅▄▆▆▅
wandb:    disc/acc_expert ▅▅▄▅█▄▅▂▃▂▃▇▃▁▂▆▄▄▅▆▇▄▄▅▅▇▅▆▅▇
wandb:     disc/bce_agent ▄██▄▇▃▄▇▆▂▁▁▃▁▄▃▂▅▆▅▃▃█▃▇▄▃▂▄▂
wandb:    disc/bce_expert ▄▃▃▄▃▄▆▆█▇▇▅▇█▆▅▄▄▁▃▂▂▃▃▂▂▁▂▄▃
wandb:           disc/ess ▁▁▁▁██████▁▁▁█████████████████
wandb:      disc/gp_value █▅▅▇▃▂▅▄▂▁▄▃▂▁▂▄▄▇▂▄▇▃▄▆▃▂▅▅▅▃
wandb:          disc/loss ▃█▄▃▄▂▄▆▅▂▃▂▃▂▃▂▂▄▂▃▂▂▄▂▃▁▁▁▃▁
wandb:          disc/step ▁▁▁▂▂▂▂▃▃▃▃▄▄▄▄▅▅▅▅▆▆▆▆▇▇▇▇███
wandb: disc/swap_hinge_ll ▁█▁▁▁▁▁▁▁▁▁▁▁▁▁▁▁▁▁▁▂▃▁▁▁▁▁▁▁▁
wandb:                +22 ...
wandb: 
wandb: Run summary:
wandb:           disc/acc 0.95703
wandb:     disc/acc_agent 0.94531
wandb:    disc/acc_expert 0.96875
wandb:     disc/bce_agent 0.43497
wandb:    disc/bce_expert 0.45788
wandb:           disc/ess 106.90872
wandb:      disc/gp_value 0.12807
wandb:          disc/loss 1.02097
wandb:          disc/step 30
wandb: disc/swap_hinge_ll 1e-05
wandb:                +23 ...
wandb: 
wandb: 🚀 View run MAGAIL-NC_seed3 at: https://wandb.ai/praneethkotipalli-university-of-warwick/magail-c/runs/ohtqg7vt
wandb: ⭐️ View project at: https://wandb.ai/praneethkotipalli-university-of-warwick/magail-c
wandb: Synced 5 W&B file(s), 0 media file(s), 0 artifact file(s) and 0 other file(s)
wandb: Find logs at: ./wandb/run-20260904_230817-ohtqg7vt/logs

======================================================================
MAGAIL-NC_seed3  (120 iters, use_kl=False, shuffle_context=False, use_context=False, frozen=False)
======================================================================
[MAGAIL-NC_seed3 it10/120] 28.5s  score=(1, 0)  r_style=-1.022  ETA 52.6min
[MAGAIL-NC_seed3 it20/120] 28.6s  score=(0, 2)  r_style=-1.174  ETA 48.0min

[MAGAIL-NC_seed3 it30] EVAL (251s): win=1.000 SAP=84.53% MECHA=0.1286 CSI=None health=saturating lam=1.0000
[MAGAIL-NC_seed3 it30/120] 26.6s  score=(1, 1)  r_style=-1.108  ETA 42.9min
[MAGAIL-NC_seed3 it40/120] 28.3s  score=(0, 1)  r_style=-1.344  ETA 36.7min
[MAGAIL-NC_seed3 it50/120] 25.0s  score=(0, 1)  r_style=-0.975  ETA 30.4min

[MAGAIL-NC_seed3 it60] EVAL (233s): win=0.600 SAP=86.85% MECHA=0.1153 CSI=0.025321297816997768 health=saturating lam=1.0000
[MAGAIL-NC_seed3 it60/120] 25.8s  score=(2, 1)  r_style=-1.053  ETA 25.8min
[MAGAIL-NC_seed3 it70/120] 26.4s  score=(0, 1)  r_style=-0.992  ETA 20.6min
[MAGAIL-NC_seed3 it80/120] 22.9s  score=(3, 1)  r_style=-1.319  ETA 15.8min

[MAGAIL-NC_seed3 it90] EVAL (207s): win=0.400 SAP=85.32% MECHA=0.1225 CSI=0.20685319559523818 health=saturating lam=1.0000
  KILL-SWITCH (win rate): win rate 0.400 is 35.9% below baseline 0.624 (>25% kill-switch)
  KILL-SWITCH (disc saturating, step=30)
[MAGAIL-NC_seed3 it90/120] 23.3s  score=(3, 1)  r_style=-1.449  ETA 12.1min
MAGAIL-NC_seed3 done in 50.9min, 90 iters, halted=True -> ablation_MAGAIL-NC_seed3.pt
