wandb: [wandb.login()] Loaded credentials for https://api.wandb.ai from /home/u5749464/.netrc.
wandb: Currently logged in as: praneethkotipalli (praneethkotipalli-university-of-warwick) to https://api.wandb.ai. Use `wandb login --relogin` to force relogin
wandb: WARNING Using a boolean value for 'reinit' is deprecated. Use 'return_previous' or 'finish_previous' instead.
wandb: setting up run lkw3ky2o
wandb: Tracking run with wandb version 0.25.0
wandb: Run data is saved locally in /home/u5749464/dissertation/context-aware-magail-grf/src/policy/wandb/run-20260904_230817-lkw3ky2o
wandb: Run `wandb offline` to turn off syncing.
wandb: Syncing run MAGAIL-NC_seed0
wandb: ⭐️ View project at https://wandb.ai/praneethkotipalli-university-of-warwick/magail-c
wandb: 🚀 View run at https://wandb.ai/praneethkotipalli-university-of-warwick/magail-c/runs/lkw3ky2o
wandb: updating run metadata
wandb: uploading wandb-summary.json; uploading config.yaml
wandb: 
wandb: Run history:
wandb:           disc/acc ▇▅▄█▃▇▁▃▆▄
wandb:     disc/acc_agent ▃▇██▃▄▁▃▃▃
wandb:    disc/acc_expert █▂▁▅▃▇▂▃▆▄
wandb:     disc/bce_agent ▇▂▁▂▅▅█▅▄▇
wandb:    disc/bce_expert ▁▆█▆▄▂▅▃▅▄
wandb:           disc/ess ▁████████▇
wandb:      disc/gp_value █▄▇▁▄▂▄▂▅▄
wandb:          disc/loss ▄▄▅▂▄▁█▄▅▆
wandb:          disc/step ▁▂▃▃▄▅▆▆▇█
wandb: disc/swap_hinge_ll ▁▄▁▁▁▁▇█▂▁
wandb:                +22 ...
wandb: 
wandb: Run summary:
wandb:           disc/acc 0.93333
wandb:     disc/acc_agent 0.93333
wandb:    disc/acc_expert 0.93333
wandb:     disc/bce_agent 0.48072
wandb:    disc/bce_expert 0.46055
wandb:           disc/ess 100.55032
wandb:      disc/gp_value 0.13171
wandb:          disc/loss 1.07298
wandb:          disc/step 10
wandb: disc/swap_hinge_ll 0
wandb:                +23 ...
wandb: 
wandb: 🚀 View run MAGAIL-NC_seed0 at: https://wandb.ai/praneethkotipalli-university-of-warwick/magail-c/runs/lkw3ky2o
wandb: ⭐️ View project at: https://wandb.ai/praneethkotipalli-university-of-warwick/magail-c
wandb: Synced 5 W&B file(s), 0 media file(s), 0 artifact file(s) and 0 other file(s)
wandb: Find logs at: ./wandb/run-20260904_230817-lkw3ky2o/logs

======================================================================
MAGAIL-NC_seed0  (120 iters, use_kl=False, shuffle_context=False, use_context=False, frozen=False)
======================================================================
[MAGAIL-NC_seed0 it10/120] 28.7s  score=(1, 3)  r_style=-1.032  ETA 52.6min
[MAGAIL-NC_seed0 it20/120] 29.6s  score=(0, 0)  r_style=-0.754  ETA 47.8min

[MAGAIL-NC_seed0 it30] EVAL (245s): win=0.300 SAP=86.09% MECHA=0.1181 CSI=0.08290594019767139 health=saturating lam=1.0000
  KILL-SWITCH (win rate): win rate 0.300 is 51.9% below baseline 0.624 (>25% kill-switch)
[MAGAIL-NC_seed0 it30/120] 28.0s  score=(3, 3)  r_style=-0.561  ETA 42.8min
MAGAIL-NC_seed0 done in 18.4min, 30 iters, halted=True -> ablation_MAGAIL-NC_seed0.pt
