wandb: [wandb.login()] Loaded credentials for https://api.wandb.ai from /home/u5749464/.netrc.
wandb: Currently logged in as: praneethkotipalli (praneethkotipalli-university-of-warwick) to https://api.wandb.ai. Use `wandb login --relogin` to force relogin
wandb: WARNING Using a boolean value for 'reinit' is deprecated. Use 'return_previous' or 'finish_previous' instead.
wandb: setting up run 86ykdrft
wandb: Tracking run with wandb version 0.25.0
wandb: Run data is saved locally in /home/u5749464/dissertation/context-aware-magail-grf/src/policy/wandb/run-20260904_230817-86ykdrft
wandb: Run `wandb offline` to turn off syncing.
wandb: Syncing run MAGAIL-SC_seed1
wandb: ⭐️ View project at https://wandb.ai/praneethkotipalli-university-of-warwick/magail-c
wandb: 🚀 View run at https://wandb.ai/praneethkotipalli-university-of-warwick/magail-c/runs/86ykdrft
wandb: updating run metadata
wandb: uploading output.log; uploading wandb-summary.json; uploading config.yaml
wandb: uploading history steps 89-89, summary, console lines 12-16
wandb: 
wandb: Run history:
wandb:           disc/acc ▇▅▁▃▁▄▃▃▆▆▅▄▄▆▇██▆▆▄▄▄▃▄▅▆▃▅▇▆
wandb:     disc/acc_agent ▆▄▁▂▃▄▃▄▇▇█▆▇▇▇▇▇▇▆▄▃▄▄▄▆▇▅█▇▇
wandb:    disc/acc_expert ▇█▇█▃▆▆▅▄▄▁▂▂▄▆▆▆▄▆▆▇▆▆▇▅▅▂▁▆▅
wandb:     disc/bce_agent ▁▆▇▇▆▆▅▅▂▂▂▂▃▂▃▃▂▃▅▆█▇█▆▅▄▅▁▃▃
wandb:    disc/bce_expert ▃▁▂▂▄▃▅▄▆▆▇▅█▅▄▄▄▃▂▂▂▁▂▂▃▄▄▅▅▄
wandb:           disc/ess ▁███████▄▄▄███████████████████
wandb:      disc/gp_value ▄▂▂▅█▄▅▄▅▆█▃▆▂▄▂▅▇▄▇▂▄▃▆▃▂▆▃▆▁
wandb:          disc/loss ▁█▅▆█▆▆▆▅▅▆▄█▄▄▃▄▄▅▆▆▅▆▅▅▄▆▄▅▄
wandb:          disc/step ▁▁▁▂▂▂▂▃▃▃▃▄▄▄▄▅▅▅▅▆▆▆▆▇▇▇▇███
wandb: disc/swap_hinge_ll ▁█▁▁▁▁▁▁▁▁▁▁▁▂▁▁▂▂▂▂▂▁▁▁▁▁▁▁▁▂
wandb:                +22 ...
wandb: 
wandb: Run summary:
wandb:           disc/acc 0.95703
wandb:     disc/acc_agent 0.96875
wandb:    disc/acc_expert 0.94531
wandb:     disc/bce_agent 0.43982
wandb:    disc/bce_expert 0.47034
wandb:           disc/ess 106.90872
wandb:      disc/gp_value 0.12043
wandb:          disc/loss 1.03493
wandb:          disc/step 30
wandb: disc/swap_hinge_ll 0.00033
wandb:                +23 ...
wandb: 
wandb: 🚀 View run MAGAIL-SC_seed1 at: https://wandb.ai/praneethkotipalli-university-of-warwick/magail-c/runs/86ykdrft
wandb: ⭐️ View project at: https://wandb.ai/praneethkotipalli-university-of-warwick/magail-c
wandb: Synced 5 W&B file(s), 0 media file(s), 0 artifact file(s) and 0 other file(s)
wandb: Find logs at: ./wandb/run-20260904_230817-86ykdrft/logs

======================================================================
MAGAIL-SC_seed1  (120 iters, use_kl=False, shuffle_context=True, use_context=True, frozen=False)
======================================================================
[MAGAIL-SC_seed1 it10/120] 28.6s  score=(0, 0)  r_style=-1.185  ETA 52.6min
[MAGAIL-SC_seed1 it20/120] 27.4s  score=(2, 0)  r_style=-0.994  ETA 47.5min

[MAGAIL-SC_seed1 it30] EVAL (248s): win=0.700 SAP=84.96% MECHA=0.1167 CSI=0.02879291251384275 health=saturating lam=1.0000
[MAGAIL-SC_seed1 it30/120] 27.3s  score=(1, 0)  r_style=-1.088  ETA 42.5min
[MAGAIL-SC_seed1 it40/120] 27.7s  score=(0, 1)  r_style=-0.950  ETA 36.6min
[MAGAIL-SC_seed1 it50/120] 26.3s  score=(1, 1)  r_style=-0.880  ETA 30.9min

[MAGAIL-SC_seed1 it60] EVAL (214s): win=0.700 SAP=84.62% MECHA=0.1251 CSI=0.03686439826576948 health=saturating lam=1.0000
[MAGAIL-SC_seed1 it60/120] 24.1s  score=(0, 0)  r_style=-0.683  ETA 26.0min
[MAGAIL-SC_seed1 it70/120] 23.5s  score=(0, 3)  r_style=-1.000  ETA 19.7min
[MAGAIL-SC_seed1 it80/120] 25.6s  score=(0, 3)  r_style=-1.218  ETA 15.7min

[MAGAIL-SC_seed1 it90] EVAL (229s): win=0.400 SAP=85.54% MECHA=0.1444 CSI=0.16425980281165453 health=saturating lam=1.0000
  KILL-SWITCH (win rate): win rate 0.400 is 35.9% below baseline 0.624 (>25% kill-switch)
  KILL-SWITCH (disc saturating, step=30)
[MAGAIL-SC_seed1 it90/120] 26.5s  score=(3, 0)  r_style=-0.994  ETA 12.3min
MAGAIL-SC_seed1 done in 50.7min, 90 iters, halted=True -> ablation_MAGAIL-SC_seed1.pt
