wandb: [wandb.login()] Loaded credentials for https://api.wandb.ai from /home/u5749464/.netrc.
wandb: Currently logged in as: praneethkotipalli (praneethkotipalli-university-of-warwick) to https://api.wandb.ai. Use `wandb login --relogin` to force relogin
wandb: WARNING Using a boolean value for 'reinit' is deprecated. Use 'return_previous' or 'finish_previous' instead.
wandb: Tracking run with wandb version 0.25.0
wandb: Run data is saved locally in /home/u5749464/dissertation/context-aware-magail-grf/src/policy/wandb/run-20260904_230817-1wvjzy44
wandb: Run `wandb offline` to turn off syncing.
wandb: Syncing run MAGAIL-SC_seed3
wandb: ⭐️ View project at https://wandb.ai/praneethkotipalli-university-of-warwick/magail-c
wandb: 🚀 View run at https://wandb.ai/praneethkotipalli-university-of-warwick/magail-c/runs/1wvjzy44
wandb: updating run metadata
wandb: uploading history steps 89-89, summary, console lines 12-16
wandb: 
wandb: Run history:
wandb:           disc/acc ▁▄▂▂▃▃▃▂▃▅▂█▄▄▄▅▁▃▇▅▅▅▄▅▅▇▇▄▆▇
wandb:     disc/acc_agent ▄▅▁▂▃▄▅▅▆█▆▇▆▅▅▅▂▄▆▄▄▆▅▆▅▆▇▆▇▇
wandb:    disc/acc_expert ▃▅█▇▇▅▅▂▂▂▁▇▅▅▆▇▆▆█▇█▅▅▆▆▇▆▄▆▆
wandb:     disc/bce_agent ▅▅█▆▆▇▄▅▄▁▃▃▄▅▆▆▇█▆▃▇▄▄▅▄▃▃▃▂▂
wandb:    disc/bce_expert ▆▃▂▃▄▅▇▇█▇█▅▆▆▄▄▂▃▁▂▃▃▄▅▄▄▃▄▅▄
wandb:           disc/ess ▁▃█▇▇▇▇▇▇▇▇▇▇▇▇▇▇▇▇▇▇▇▇▇▇▇▇▇▇▇
wandb:      disc/gp_value ▃▅▇▇▃▄█▄▂▂▃▄▅▃▅▃▃▄▁▄▅▅▆▅▆▂▄▄▄▃
wandb:          disc/loss ▆▇█▆▅▇█▇▆▂▅▄▅▇▆▄▆▇▂▁▅▃▅▅▄▂▁▃▂▁
wandb:          disc/step ▁▁▁▂▂▂▂▃▃▃▃▄▄▄▄▅▅▅▅▆▆▆▆▇▇▇▇███
wandb: disc/swap_hinge_ll ▁█▁▁▁▁▁▁▁▂▁▁▃▃▁▁▃█▄▁▁▁▁▁▁▂▂▄▁▁
wandb:                +22 ...
wandb: 
wandb: Run summary:
wandb:           disc/acc 0.96875
wandb:     disc/acc_agent 0.98438
wandb:    disc/acc_expert 0.95312
wandb:     disc/bce_agent 0.41206
wandb:    disc/bce_expert 0.46116
wandb:           disc/ess 106.90872
wandb:      disc/gp_value 0.12741
wandb:          disc/loss 1.00153
wandb:          disc/step 30
wandb: disc/swap_hinge_ll 5e-05
wandb:                +23 ...
wandb: 
wandb: 🚀 View run MAGAIL-SC_seed3 at: https://wandb.ai/praneethkotipalli-university-of-warwick/magail-c/runs/1wvjzy44
wandb: ⭐️ View project at: https://wandb.ai/praneethkotipalli-university-of-warwick/magail-c
wandb: Synced 5 W&B file(s), 0 media file(s), 0 artifact file(s) and 0 other file(s)
wandb: Find logs at: ./wandb/run-20260904_230817-1wvjzy44/logs

======================================================================
MAGAIL-SC_seed3  (120 iters, use_kl=False, shuffle_context=True, use_context=True, frozen=False)
======================================================================
[MAGAIL-SC_seed3 it10/120] 25.6s  score=(1, 0)  r_style=-0.827  ETA 52.4min
[MAGAIL-SC_seed3 it20/120] 27.9s  score=(2, 0)  r_style=-1.148  ETA 47.4min

[MAGAIL-SC_seed3 it30] EVAL (239s): win=0.600 SAP=85.02% MECHA=0.1108 CSI=0.01635651572938801 health=saturating lam=1.0000
[MAGAIL-SC_seed3 it30/120] 27.9s  score=(1, 2)  r_style=-1.281  ETA 42.3min
[MAGAIL-SC_seed3 it40/120] 24.5s  score=(2, 0)  r_style=-0.877  ETA 35.9min
[MAGAIL-SC_seed3 it50/120] 24.1s  score=(0, 0)  r_style=-0.918  ETA 29.8min

[MAGAIL-SC_seed3 it60] EVAL (230s): win=0.500 SAP=86.17% MECHA=0.1258 CSI=0.1634656829105361 health=saturating lam=1.0000
[MAGAIL-SC_seed3 it60/120] 25.5s  score=(1, 2)  r_style=-1.017  ETA 25.5min
[MAGAIL-SC_seed3 it70/120] 20.9s  score=(0, 1)  r_style=-1.003  ETA 20.4min
[MAGAIL-SC_seed3 it80/120] 24.0s  score=(0, 2)  r_style=-1.261  ETA 16.0min

[MAGAIL-SC_seed3 it90] EVAL (201s): win=0.300 SAP=86.93% MECHA=0.1193 CSI=0.2357415787712841 health=saturating lam=1.0000
  KILL-SWITCH (win rate): win rate 0.300 is 51.9% below baseline 0.624 (>25% kill-switch)
  KILL-SWITCH (disc saturating, step=30)
[MAGAIL-SC_seed3 it90/120] 24.5s  score=(1, 2)  r_style=-1.312  ETA 12.4min
MAGAIL-SC_seed3 done in 50.3min, 90 iters, halted=True -> ablation_MAGAIL-SC_seed3.pt
