wandb: [wandb.login()] Loaded credentials for https://api.wandb.ai from /home/u5749464/.netrc.
wandb: Currently logged in as: praneethkotipalli (praneethkotipalli-university-of-warwick) to https://api.wandb.ai. Use `wandb login --relogin` to force relogin
wandb: WARNING Using a boolean value for 'reinit' is deprecated. Use 'return_previous' or 'finish_previous' instead.
wandb: setting up run jqm0vol5
wandb: Tracking run with wandb version 0.25.0
wandb: Run data is saved locally in /home/u5749464/dissertation/context-aware-magail-grf/src/policy/wandb/run-20260904_230817-jqm0vol5
wandb: Run `wandb offline` to turn off syncing.
wandb: Syncing run MAPPO-baseline_seed0
wandb: ⭐️ View project at https://wandb.ai/praneethkotipalli-university-of-warwick/magail-c
wandb: 🚀 View run at https://wandb.ai/praneethkotipalli-university-of-warwick/magail-c/runs/jqm0vol5
wandb: uploading data; updating run metadata
wandb: uploading history steps 0-0, summary, console lines 0-0
wandb: 
wandb: Run history:
wandb: eval/csi_proxy_n_ll ▁
wandb: eval/csi_proxy_n_lw ▁
wandb:  eval/csi_sap_proxy ▁
wandb:      eval/draw_rate ▁
wandb:      eval/loss_rate ▁
wandb:     eval/mecha_mean ▁
wandb:     eval/n_episodes ▁
wandb:       eval/sap_mean ▁
wandb:        eval/sap_std ▁
wandb:       eval/win_rate ▁
wandb: 
wandb: Run summary:
wandb: eval/csi_proxy_n_ll 2947
wandb: eval/csi_proxy_n_lw 29646
wandb:  eval/csi_sap_proxy -0.01063
wandb:      eval/draw_rate 0.22
wandb:      eval/loss_rate 0.06
wandb:     eval/mecha_mean 0.12244
wandb:     eval/n_episodes 50
wandb:       eval/sap_mean 86.02333
wandb:        eval/sap_std 3.82132
wandb:       eval/win_rate 0.72
wandb: 
wandb: 🚀 View run MAPPO-baseline_seed0 at: https://wandb.ai/praneethkotipalli-university-of-warwick/magail-c/runs/jqm0vol5
wandb: ⭐️ View project at: https://wandb.ai/praneethkotipalli-university-of-warwick/magail-c
wandb: Synced 5 W&B file(s), 0 media file(s), 0 artifact file(s) and 0 other file(s)
wandb: Find logs at: ./wandb/run-20260904_230817-jqm0vol5/logs

======================================================================
MAPPO-baseline_seed0  (1 iters, use_kl=False, shuffle_context=False, use_context=False, frozen=True)
======================================================================
MAPPO-baseline_seed0: win=0.720 SAP=86.02% MECHA=0.1224 (20.1min)
